
***************************************************************************************************************
TYPE == MESSAGE
TIME :19.07.2026 01:15:19
==> MESSAGE : Display pad Message Pump Thread Started: True
==> STACK TRACE : 
***************************************************************************************************************

***************************************************************************************************************
TITLE == DisplayPadIsDevicePlug
TYPE == MESSAGE
TIME :19.07.2026 01:15:19
==> MESSAGE : True
==> STACK TRACE : 
***************************************************************************************************************

***************************************************************************************************************
TITLE == DisplayPadIsDevicePlug
TYPE == MESSAGE
TIME :19.07.2026 01:15:19
==> MESSAGE : True
==> STACK TRACE : 
***************************************************************************************************************

***************************************************************************************************************
TITLE == DisplayPadAPEnable
TYPE == MESSAGE
TIME :19.07.2026 01:15:19
==> MESSAGE : True
==> STACK TRACE : 
***************************************************************************************************************

***************************************************************************************************************
TITLE == DisplayPadIsDevicePlug
TYPE == MESSAGE
TIME :19.07.2026 01:15:20
==> MESSAGE : True
==> STACK TRACE : 
***************************************************************************************************************

***************************************************************************************************************
TITLE == DisplayPadAPEnable
TYPE == MESSAGE
TIME :19.07.2026 01:15:20
==> MESSAGE : True
==> STACK TRACE : 
***************************************************************************************************************

***************************************************************************************************************
TITLE == DisplayPadIsDevicePlug
TYPE == MESSAGE
TIME :19.07.2026 01:15:20
==> MESSAGE : True
==> STACK TRACE : 
***************************************************************************************************************

***************************************************************************************************************
TITLE == DisplayPadAPEnable
TYPE == MESSAGE
TIME :19.07.2026 01:15:20
==> MESSAGE : True
==> STACK TRACE : 
***************************************************************************************************************

***************************************************************************************************************
TYPE == MESSAGE
TIME :19.07.2026 01:16:10
==> MESSAGE : Display pad Message Pump Thread Started: True
==> STACK TRACE : 
***************************************************************************************************************

***************************************************************************************************************
TITLE == DisplayPadIsDevicePlug
TYPE == MESSAGE
TIME :19.07.2026 01:16:10
==> MESSAGE : True
==> STACK TRACE : 
***************************************************************************************************************

***************************************************************************************************************
TITLE == DisplayPadIsDevicePlug
TYPE == MESSAGE
TIME :19.07.2026 01:16:10
==> MESSAGE : True
==> STACK TRACE : 
***************************************************************************************************************

***************************************************************************************************************
TITLE == DisplayPadAPEnable
TYPE == MESSAGE
TIME :19.07.2026 01:16:10
==> MESSAGE : True
==> STACK TRACE : 
***************************************************************************************************************

***************************************************************************************************************
TITLE == DisplayPadIsDevicePlug
TYPE == MESSAGE
TIME :19.07.2026 01:16:10
==> MESSAGE : True
==> STACK TRACE : 
***************************************************************************************************************

***************************************************************************************************************
TITLE == DisplayPadIsDevicePlug
TYPE == MESSAGE
TIME :19.07.2026 01:16:10
==> MESSAGE : True
==> STACK TRACE : 
***************************************************************************************************************

***************************************************************************************************************
TITLE == DisplayPadAPEnable
TYPE == MESSAGE
TIME :19.07.2026 01:16:10
==> MESSAGE : True
==> STACK TRACE : 
***************************************************************************************************************

***************************************************************************************************************
TITLE == DisplayPadAPEnable
TYPE == MESSAGE
TIME :19.07.2026 01:16:10
==> MESSAGE : True
==> STACK TRACE : 
***************************************************************************************************************

***************************************************************************************************************
TYPE == MESSAGE
TIME :19.07.2026 15:04:12
==> MESSAGE : Display pad Message Pump Thread Started: True
==> STACK TRACE : 
***************************************************************************************************************

***************************************************************************************************************
TITLE == DisplayPadIsDevicePlug
TYPE == MESSAGE
TIME :19.07.2026 15:04:13
==> MESSAGE : True
==> STACK TRACE : 
***************************************************************************************************************

***************************************************************************************************************
TITLE == DisplayPadIsDevicePlug
TYPE == MESSAGE
TIME :19.07.2026 15:04:13
==> MESSAGE : True
==> STACK TRACE : 
***************************************************************************************************************

***************************************************************************************************************
TITLE == DisplayPadAPEnable
TYPE == MESSAGE
TIME :19.07.2026 15:04:13
==> MESSAGE : True
==> STACK TRACE : 
***************************************************************************************************************

***************************************************************************************************************
TITLE == DisplayPadIsDevicePlug
TYPE == MESSAGE
TIME :19.07.2026 15:04:16
==> MESSAGE : True
==> STACK TRACE : 
***************************************************************************************************************

***************************************************************************************************************
TITLE == DisplayPadIsDevicePlug
TYPE == MESSAGE
TIME :19.07.2026 15:04:16
==> MESSAGE : True
==> STACK TRACE : 
***************************************************************************************************************

***************************************************************************************************************
TITLE == DisplayPadAPEnable
TYPE == MESSAGE
TIME :19.07.2026 15:04:16
==> MESSAGE : True
==> STACK TRACE : 
***************************************************************************************************************

***************************************************************************************************************
TITLE == DisplayPadAPEnable
TYPE == MESSAGE
TIME :19.07.2026 15:04:16
==> MESSAGE : True
==> STACK TRACE : 
***************************************************************************************************************

***************************************************************************************************************
TYPE == MESSAGE
TIME :19.07.2026 15:06:44
==> MESSAGE : Display pad Message Pump Thread Started: True
==> STACK TRACE : 
***************************************************************************************************************

***************************************************************************************************************
TITLE == DisplayPadIsDevicePlug
TYPE == MESSAGE
TIME :19.07.2026 15:06:44
==> MESSAGE : True
==> STACK TRACE : 
***************************************************************************************************************

***************************************************************************************************************
TITLE == DisplayPadIsDevicePlug
TYPE == MESSAGE
TIME :19.07.2026 15:06:44
==> MESSAGE : True
==> STACK TRACE : 
***************************************************************************************************************

***************************************************************************************************************
TITLE == DisplayPadAPEnable
TYPE == MESSAGE
TIME :19.07.2026 15:06:44
==> MESSAGE : True
==> STACK TRACE : 
***************************************************************************************************************

***************************************************************************************************************
TITLE == DisplayPadIsDevicePlug
TYPE == MESSAGE
TIME :19.07.2026 15:06:44
==> MESSAGE : True
==> STACK TRACE : 
***************************************************************************************************************

***************************************************************************************************************
TITLE == DisplayPadIsDevicePlug
TYPE == MESSAGE
TIME :19.07.2026 15:06:44
==> MESSAGE : True
==> STACK TRACE : 
***************************************************************************************************************

***************************************************************************************************************
TITLE == DisplayPadAPEnable
TYPE == MESSAGE
TIME :19.07.2026 15:06:44
==> MESSAGE : True
==> STACK TRACE : 
***************************************************************************************************************

***************************************************************************************************************
TITLE == DisplayPadAPEnable
TYPE == MESSAGE
TIME :19.07.2026 15:06:44
==> MESSAGE : True
==> STACK TRACE : 
***************************************************************************************************************

***************************************************************************************************************
TYPE == MESSAGE
TIME :19.07.2026 15:07:23
==> MESSAGE : Display pad Message Pump Thread Started: True
==> STACK TRACE : 
***************************************************************************************************************

***************************************************************************************************************
TITLE == DisplayPadIsDevicePlug
TYPE == MESSAGE
TIME :19.07.2026 15:07:23
==> MESSAGE : True
==> STACK TRACE : 
***************************************************************************************************************

***************************************************************************************************************
TITLE == DisplayPadIsDevicePlug
TYPE == MESSAGE
TIME :19.07.2026 15:07:23
==> MESSAGE : True
==> STACK TRACE : 
***************************************************************************************************************

***************************************************************************************************************
TITLE == DisplayPadAPEnable
TYPE == MESSAGE
TIME :19.07.2026 15:07:23
==> MESSAGE : True
==> STACK TRACE : 
***************************************************************************************************************

***************************************************************************************************************
TITLE == DisplayPadIsDevicePlug
TYPE == MESSAGE
TIME :19.07.2026 15:07:23
==> MESSAGE : True
==> STACK TRACE : 
***************************************************************************************************************

***************************************************************************************************************
TITLE == DisplayPadIsDevicePlug
TYPE == MESSAGE
TIME :19.07.2026 15:07:23
==> MESSAGE : True
==> STACK TRACE : 
***************************************************************************************************************

***************************************************************************************************************
TITLE == DisplayPadAPEnable
TYPE == MESSAGE
TIME :19.07.2026 15:07:23
==> MESSAGE : True
==> STACK TRACE : 
***************************************************************************************************************

***************************************************************************************************************
TITLE == DisplayPadAPEnable
TYPE == MESSAGE
TIME :19.07.2026 15:07:23
==> MESSAGE : True
==> STACK TRACE : 
***************************************************************************************************************

***************************************************************************************************************
TYPE == MESSAGE
TIME :19.07.2026 16:11:21
==> MESSAGE : Display pad Message Pump Thread Started: True
==> STACK TRACE : 
***************************************************************************************************************

***************************************************************************************************************
TITLE == DisplayPadIsDevicePlug
TYPE == MESSAGE
TIME :19.07.2026 16:11:21
==> MESSAGE : True
==> STACK TRACE : 
***************************************************************************************************************

***************************************************************************************************************
TITLE == DisplayPadIsDevicePlug
TYPE == MESSAGE
TIME :19.07.2026 16:11:21
==> MESSAGE : True
==> STACK TRACE : 
***************************************************************************************************************

***************************************************************************************************************
TITLE == DisplayPadAPEnable
TYPE == MESSAGE
TIME :19.07.2026 16:11:21
==> MESSAGE : True
==> STACK TRACE : 
***************************************************************************************************************

***************************************************************************************************************
TITLE == DisplayPadIsDevicePlug
TYPE == MESSAGE
TIME :19.07.2026 16:11:21
==> MESSAGE : True
==> STACK TRACE : 
***************************************************************************************************************

***************************************************************************************************************
TITLE == DisplayPadIsDevicePlug
TYPE == MESSAGE
TIME :19.07.2026 16:11:21
==> MESSAGE : True
==> STACK TRACE : 
***************************************************************************************************************

***************************************************************************************************************
TITLE == DisplayPadAPEnable
TYPE == MESSAGE
TIME :19.07.2026 16:11:21
==> MESSAGE : True
==> STACK TRACE : 
***************************************************************************************************************

***************************************************************************************************************
TITLE == DisplayPadAPEnable
TYPE == MESSAGE
TIME :19.07.2026 16:11:21
==> MESSAGE : True
==> STACK TRACE : 
***************************************************************************************************************
