
***************************************************************************************************************
TYPE == MESSAGE
TIME :18.07.2026 01:26:05
==> MESSAGE : Display pad Message Pump Thread Started: True
==> STACK TRACE : 
***************************************************************************************************************

***************************************************************************************************************
TITLE == DisplayPadIsDevicePlug
TYPE == MESSAGE
TIME :18.07.2026 01:26:05
==> MESSAGE : True
==> STACK TRACE : 
***************************************************************************************************************

***************************************************************************************************************
TITLE == DisplayPadIsDevicePlug
TYPE == MESSAGE
TIME :18.07.2026 01:26:05
==> MESSAGE : True
==> STACK TRACE : 
***************************************************************************************************************

***************************************************************************************************************
TITLE == DisplayPadAPEnable
TYPE == MESSAGE
TIME :18.07.2026 01:26:05
==> MESSAGE : True
==> STACK TRACE : 
***************************************************************************************************************

***************************************************************************************************************
TITLE == DisplayPadIsDevicePlug
TYPE == MESSAGE
TIME :18.07.2026 01:26:05
==> MESSAGE : True
==> STACK TRACE : 
***************************************************************************************************************

***************************************************************************************************************
TITLE == DisplayPadIsDevicePlug
TYPE == MESSAGE
TIME :18.07.2026 01:26:05
==> MESSAGE : True
==> STACK TRACE : 
***************************************************************************************************************

***************************************************************************************************************
TITLE == DisplayPadAPEnable
TYPE == MESSAGE
TIME :18.07.2026 01:26:05
==> MESSAGE : True
==> STACK TRACE : 
***************************************************************************************************************

***************************************************************************************************************
TITLE == DisplayPadAPEnable
TYPE == MESSAGE
TIME :18.07.2026 01:26:05
==> MESSAGE : True
==> STACK TRACE : 
***************************************************************************************************************

***************************************************************************************************************
TYPE == MESSAGE
TIME :18.07.2026 14:32:15
==> MESSAGE : Display pad Message Pump Thread Started: True
==> STACK TRACE : 
***************************************************************************************************************

***************************************************************************************************************
TITLE == DisplayPadIsDevicePlug
TYPE == MESSAGE
TIME :18.07.2026 14:32:15
==> MESSAGE : True
==> STACK TRACE : 
***************************************************************************************************************

***************************************************************************************************************
TITLE == DisplayPadIsDevicePlug
TYPE == MESSAGE
TIME :18.07.2026 14:32:15
==> MESSAGE : True
==> STACK TRACE : 
***************************************************************************************************************

***************************************************************************************************************
TITLE == DisplayPadAPEnable
TYPE == MESSAGE
TIME :18.07.2026 14:32:15
==> MESSAGE : True
==> STACK TRACE : 
***************************************************************************************************************

***************************************************************************************************************
TITLE == DisplayPadIsDevicePlug
TYPE == MESSAGE
TIME :18.07.2026 14:32:15
==> MESSAGE : True
==> STACK TRACE : 
***************************************************************************************************************

***************************************************************************************************************
TITLE == DisplayPadIsDevicePlug
TYPE == MESSAGE
TIME :18.07.2026 14:32:15
==> MESSAGE : True
==> STACK TRACE : 
***************************************************************************************************************

***************************************************************************************************************
TITLE == DisplayPadAPEnable
TYPE == MESSAGE
TIME :18.07.2026 14:32:15
==> MESSAGE : True
==> STACK TRACE : 
***************************************************************************************************************

***************************************************************************************************************
TITLE == DisplayPadAPEnable
TYPE == MESSAGE
TIME :18.07.2026 14:32:15
==> MESSAGE : True
==> STACK TRACE : 
***************************************************************************************************************

***************************************************************************************************************
TYPE == MESSAGE
TIME :18.07.2026 14:53:12
==> MESSAGE : Display pad Message Pump Thread Started: True
==> STACK TRACE : 
***************************************************************************************************************

***************************************************************************************************************
TITLE == DisplayPadIsDevicePlug
TYPE == MESSAGE
TIME :18.07.2026 14:53:12
==> MESSAGE : True
==> STACK TRACE : 
***************************************************************************************************************

***************************************************************************************************************
TITLE == DisplayPadIsDevicePlug
TYPE == MESSAGE
TIME :18.07.2026 14:53:12
==> MESSAGE : True
==> STACK TRACE : 
***************************************************************************************************************

***************************************************************************************************************
TITLE == DisplayPadAPEnable
TYPE == MESSAGE
TIME :18.07.2026 14:53:12
==> MESSAGE : True
==> STACK TRACE : 
***************************************************************************************************************

***************************************************************************************************************
TITLE == DisplayPadIsDevicePlug
TYPE == MESSAGE
TIME :18.07.2026 14:53:12
==> MESSAGE : True
==> STACK TRACE : 
***************************************************************************************************************

***************************************************************************************************************
TITLE == DisplayPadIsDevicePlug
TYPE == MESSAGE
TIME :18.07.2026 14:53:12
==> MESSAGE : True
==> STACK TRACE : 
***************************************************************************************************************

***************************************************************************************************************
TITLE == DisplayPadAPEnable
TYPE == MESSAGE
TIME :18.07.2026 14:53:12
==> MESSAGE : True
==> STACK TRACE : 
***************************************************************************************************************

***************************************************************************************************************
TITLE == DisplayPadAPEnable
TYPE == MESSAGE
TIME :18.07.2026 14:53:12
==> MESSAGE : True
==> STACK TRACE : 
***************************************************************************************************************

***************************************************************************************************************
TITLE == DisplayPadIsDevicePlug
TYPE == MESSAGE
TIME :18.07.2026 14:56:04
==> MESSAGE : True
==> STACK TRACE : 
***************************************************************************************************************

***************************************************************************************************************
TITLE == DisplayPadIsDevicePlug
TYPE == MESSAGE
TIME :18.07.2026 14:56:04
==> MESSAGE : True
==> STACK TRACE : 
***************************************************************************************************************

***************************************************************************************************************
TITLE == DisplayPadIsDevicePlug
TYPE == MESSAGE
TIME :18.07.2026 14:56:04
==> MESSAGE : True
==> STACK TRACE : 
***************************************************************************************************************

***************************************************************************************************************
TITLE == DisplayPadIsDevicePlug
TYPE == MESSAGE
TIME :18.07.2026 14:56:04
==> MESSAGE : True
==> STACK TRACE : 
***************************************************************************************************************

***************************************************************************************************************
TITLE == DisplayPadIsDevicePlug
TYPE == MESSAGE
TIME :18.07.2026 14:56:04
==> MESSAGE : True
==> STACK TRACE : 
***************************************************************************************************************

***************************************************************************************************************
TITLE == DisplayPadIsDevicePlug
TYPE == MESSAGE
TIME :18.07.2026 14:56:04
==> MESSAGE : True
==> STACK TRACE : 
***************************************************************************************************************

***************************************************************************************************************
TITLE == DisplayPadIsDevicePlug
TYPE == MESSAGE
TIME :18.07.2026 14:56:04
==> MESSAGE : True
==> STACK TRACE : 
***************************************************************************************************************

***************************************************************************************************************
TITLE == DisplayPadIsDevicePlug
TYPE == MESSAGE
TIME :18.07.2026 14:56:04
==> MESSAGE : True
==> STACK TRACE : 
***************************************************************************************************************

***************************************************************************************************************
TITLE == DisplayPadIsDevicePlug
TYPE == MESSAGE
TIME :18.07.2026 14:56:04
==> MESSAGE : True
==> STACK TRACE : 
***************************************************************************************************************

***************************************************************************************************************
TITLE == DisplayPadIsDevicePlug
TYPE == MESSAGE
TIME :18.07.2026 14:56:04
==> MESSAGE : True
==> STACK TRACE : 
***************************************************************************************************************

***************************************************************************************************************
TITLE == DisplayPadIsDevicePlug
TYPE == MESSAGE
TIME :18.07.2026 14:56:04
==> MESSAGE : True
==> STACK TRACE : 
***************************************************************************************************************

***************************************************************************************************************
TITLE == DisplayPadIsDevicePlug
TYPE == MESSAGE
TIME :18.07.2026 14:56:04
==> MESSAGE : True
==> STACK TRACE : 
***************************************************************************************************************

***************************************************************************************************************
TITLE == DisplayPadIsDevicePlug
TYPE == MESSAGE
TIME :18.07.2026 14:56:04
==> MESSAGE : True
==> STACK TRACE : 
***************************************************************************************************************

***************************************************************************************************************
TITLE == DisplayPadIsDevicePlug
TYPE == MESSAGE
TIME :18.07.2026 14:56:44
==> MESSAGE : True
==> STACK TRACE : 
***************************************************************************************************************

***************************************************************************************************************
TITLE == DisplayPadIsDevicePlug
TYPE == MESSAGE
TIME :18.07.2026 14:56:44
==> MESSAGE : True
==> STACK TRACE : 
***************************************************************************************************************

***************************************************************************************************************
TITLE == DisplayPadIsDevicePlug
TYPE == MESSAGE
TIME :18.07.2026 14:56:44
==> MESSAGE : True
==> STACK TRACE : 
***************************************************************************************************************

***************************************************************************************************************
TITLE == DisplayPadIsDevicePlug
TYPE == MESSAGE
TIME :18.07.2026 14:56:44
==> MESSAGE : True
==> STACK TRACE : 
***************************************************************************************************************

***************************************************************************************************************
TITLE == DisplayPadIsDevicePlug
TYPE == MESSAGE
TIME :18.07.2026 14:56:44
==> MESSAGE : True
==> STACK TRACE : 
***************************************************************************************************************

***************************************************************************************************************
TITLE == DisplayPadIsDevicePlug
TYPE == MESSAGE
TIME :18.07.2026 14:56:44
==> MESSAGE : True
==> STACK TRACE : 
***************************************************************************************************************

***************************************************************************************************************
TITLE == DisplayPadIsDevicePlug
TYPE == MESSAGE
TIME :18.07.2026 14:56:44
==> MESSAGE : True
==> STACK TRACE : 
***************************************************************************************************************

***************************************************************************************************************
TITLE == DisplayPadIsDevicePlug
TYPE == MESSAGE
TIME :18.07.2026 14:56:44
==> MESSAGE : True
==> STACK TRACE : 
***************************************************************************************************************

***************************************************************************************************************
TITLE == DisplayPadIsDevicePlug
TYPE == MESSAGE
TIME :18.07.2026 14:56:44
==> MESSAGE : True
==> STACK TRACE : 
***************************************************************************************************************

***************************************************************************************************************
TITLE == DisplayPadIsDevicePlug
TYPE == MESSAGE
TIME :18.07.2026 14:56:44
==> MESSAGE : True
==> STACK TRACE : 
***************************************************************************************************************

***************************************************************************************************************
TITLE == DisplayPadIsDevicePlug
TYPE == MESSAGE
TIME :18.07.2026 14:56:44
==> MESSAGE : True
==> STACK TRACE : 
***************************************************************************************************************

***************************************************************************************************************
TITLE == DisplayPadIsDevicePlug
TYPE == MESSAGE
TIME :18.07.2026 14:56:44
==> MESSAGE : True
==> STACK TRACE : 
***************************************************************************************************************

***************************************************************************************************************
TITLE == DisplayPadIsDevicePlug
TYPE == MESSAGE
TIME :18.07.2026 14:56:44
==> MESSAGE : True
==> STACK TRACE : 
***************************************************************************************************************

***************************************************************************************************************
TITLE == DisplayPadIsDevicePlug
TYPE == MESSAGE
TIME :18.07.2026 14:56:54
==> MESSAGE : True
==> STACK TRACE : 
***************************************************************************************************************

***************************************************************************************************************
TITLE == DisplayPadIsDevicePlug
TYPE == MESSAGE
TIME :18.07.2026 14:56:54
==> MESSAGE : True
==> STACK TRACE : 
***************************************************************************************************************

***************************************************************************************************************
TITLE == DisplayPadIsDevicePlug
TYPE == MESSAGE
TIME :18.07.2026 14:56:54
==> MESSAGE : True
==> STACK TRACE : 
***************************************************************************************************************

***************************************************************************************************************
TITLE == DisplayPadIsDevicePlug
TYPE == MESSAGE
TIME :18.07.2026 14:56:54
==> MESSAGE : True
==> STACK TRACE : 
***************************************************************************************************************

***************************************************************************************************************
TITLE == DisplayPadIsDevicePlug
TYPE == MESSAGE
TIME :18.07.2026 14:56:54
==> MESSAGE : True
==> STACK TRACE : 
***************************************************************************************************************

***************************************************************************************************************
TITLE == DisplayPadIsDevicePlug
TYPE == MESSAGE
TIME :18.07.2026 14:56:54
==> MESSAGE : True
==> STACK TRACE : 
***************************************************************************************************************

***************************************************************************************************************
TITLE == DisplayPadIsDevicePlug
TYPE == MESSAGE
TIME :18.07.2026 14:56:54
==> MESSAGE : True
==> STACK TRACE : 
***************************************************************************************************************

***************************************************************************************************************
TITLE == DisplayPadIsDevicePlug
TYPE == MESSAGE
TIME :18.07.2026 14:56:54
==> MESSAGE : True
==> STACK TRACE : 
***************************************************************************************************************

***************************************************************************************************************
TITLE == DisplayPadIsDevicePlug
TYPE == MESSAGE
TIME :18.07.2026 14:56:54
==> MESSAGE : True
==> STACK TRACE : 
***************************************************************************************************************

***************************************************************************************************************
TITLE == DisplayPadIsDevicePlug
TYPE == MESSAGE
TIME :18.07.2026 14:56:54
==> MESSAGE : True
==> STACK TRACE : 
***************************************************************************************************************

***************************************************************************************************************
TITLE == DisplayPadIsDevicePlug
TYPE == MESSAGE
TIME :18.07.2026 14:56:54
==> MESSAGE : True
==> STACK TRACE : 
***************************************************************************************************************

***************************************************************************************************************
TITLE == DisplayPadIsDevicePlug
TYPE == MESSAGE
TIME :18.07.2026 14:56:54
==> MESSAGE : True
==> STACK TRACE : 
***************************************************************************************************************

***************************************************************************************************************
TITLE == DisplayPadIsDevicePlug
TYPE == MESSAGE
TIME :18.07.2026 14:56:54
==> MESSAGE : True
==> STACK TRACE : 
***************************************************************************************************************

***************************************************************************************************************
TYPE == MESSAGE
TIME :18.07.2026 15:22:41
==> MESSAGE : Display pad Message Pump Thread Started: True
==> STACK TRACE : 
***************************************************************************************************************

***************************************************************************************************************
TITLE == DisplayPadIsDevicePlug
TYPE == MESSAGE
TIME :18.07.2026 15:22:41
==> MESSAGE : True
==> STACK TRACE : 
***************************************************************************************************************

***************************************************************************************************************
TITLE == DisplayPadIsDevicePlug
TYPE == MESSAGE
TIME :18.07.2026 15:22:41
==> MESSAGE : True
==> STACK TRACE : 
***************************************************************************************************************

***************************************************************************************************************
TITLE == DisplayPadAPEnable
TYPE == MESSAGE
TIME :18.07.2026 15:22:41
==> MESSAGE : True
==> STACK TRACE : 
***************************************************************************************************************

***************************************************************************************************************
TITLE == DisplayPadIsDevicePlug
TYPE == MESSAGE
TIME :18.07.2026 15:22:41
==> MESSAGE : True
==> STACK TRACE : 
***************************************************************************************************************

***************************************************************************************************************
TITLE == DisplayPadIsDevicePlug
TYPE == MESSAGE
TIME :18.07.2026 15:22:41
==> MESSAGE : True
==> STACK TRACE : 
***************************************************************************************************************

***************************************************************************************************************
TITLE == DisplayPadAPEnable
TYPE == MESSAGE
TIME :18.07.2026 15:22:41
==> MESSAGE : True
==> STACK TRACE : 
***************************************************************************************************************

***************************************************************************************************************
TITLE == DisplayPadAPEnable
TYPE == MESSAGE
TIME :18.07.2026 15:22:41
==> MESSAGE : True
==> STACK TRACE : 
***************************************************************************************************************

***************************************************************************************************************
TYPE == MESSAGE
TIME :18.07.2026 15:28:36
==> MESSAGE : Display pad Message Pump Thread Started: True
==> STACK TRACE : 
***************************************************************************************************************

***************************************************************************************************************
TITLE == DisplayPadIsDevicePlug
TYPE == MESSAGE
TIME :18.07.2026 15:28:36
==> MESSAGE : True
==> STACK TRACE : 
***************************************************************************************************************

***************************************************************************************************************
TITLE == DisplayPadIsDevicePlug
TYPE == MESSAGE
TIME :18.07.2026 15:28:36
==> MESSAGE : True
==> STACK TRACE : 
***************************************************************************************************************

***************************************************************************************************************
TITLE == DisplayPadAPEnable
TYPE == MESSAGE
TIME :18.07.2026 15:28:36
==> MESSAGE : True
==> STACK TRACE : 
***************************************************************************************************************

***************************************************************************************************************
TITLE == DisplayPadIsDevicePlug
TYPE == MESSAGE
TIME :18.07.2026 15:28:36
==> MESSAGE : True
==> STACK TRACE : 
***************************************************************************************************************

***************************************************************************************************************
TITLE == DisplayPadIsDevicePlug
TYPE == MESSAGE
TIME :18.07.2026 15:28:36
==> MESSAGE : True
==> STACK TRACE : 
***************************************************************************************************************

***************************************************************************************************************
TITLE == DisplayPadAPEnable
TYPE == MESSAGE
TIME :18.07.2026 15:28:36
==> MESSAGE : True
==> STACK TRACE : 
***************************************************************************************************************

***************************************************************************************************************
TITLE == DisplayPadAPEnable
TYPE == MESSAGE
TIME :18.07.2026 15:28:36
==> MESSAGE : True
==> STACK TRACE : 
***************************************************************************************************************

***************************************************************************************************************
TYPE == MESSAGE
TIME :18.07.2026 15:31:00
==> MESSAGE : Display pad Message Pump Thread Started: True
==> STACK TRACE : 
***************************************************************************************************************

***************************************************************************************************************
TITLE == DisplayPadIsDevicePlug
TYPE == MESSAGE
TIME :18.07.2026 15:31:00
==> MESSAGE : True
==> STACK TRACE : 
***************************************************************************************************************

***************************************************************************************************************
TITLE == DisplayPadIsDevicePlug
TYPE == MESSAGE
TIME :18.07.2026 15:31:00
==> MESSAGE : True
==> STACK TRACE : 
***************************************************************************************************************

***************************************************************************************************************
TITLE == DisplayPadAPEnable
TYPE == MESSAGE
TIME :18.07.2026 15:31:00
==> MESSAGE : True
==> STACK TRACE : 
***************************************************************************************************************

***************************************************************************************************************
TITLE == DisplayPadIsDevicePlug
TYPE == MESSAGE
TIME :18.07.2026 15:31:00
==> MESSAGE : True
==> STACK TRACE : 
***************************************************************************************************************

***************************************************************************************************************
TITLE == DisplayPadIsDevicePlug
TYPE == MESSAGE
TIME :18.07.2026 15:31:00
==> MESSAGE : True
==> STACK TRACE : 
***************************************************************************************************************

***************************************************************************************************************
TITLE == DisplayPadAPEnable
TYPE == MESSAGE
TIME :18.07.2026 15:31:00
==> MESSAGE : True
==> STACK TRACE : 
***************************************************************************************************************

***************************************************************************************************************
TITLE == DisplayPadAPEnable
TYPE == MESSAGE
TIME :18.07.2026 15:31:00
==> MESSAGE : True
==> STACK TRACE : 
***************************************************************************************************************

***************************************************************************************************************
TITLE == KeyCallBack
TYPE == ERROR
TIME :18.07.2026 15:33:37
==> MESSAGE : Object reference not set to an instance of an object.
==> STACK TRACE : at DisplayPad.Host.ViewModels.MainViewModel.RunOnUi(Action action)
   at DisplayPad.Host.ViewModels.MainViewModel.<.ctor>b__48_1(Int32 matrix)
   at DisplayPad.Host.Services.DeviceService.OnKey(Int32 keyMatrix, Int32 pressed, Int32 deviceId)
   at DisplayPad.SDK.DisplayPadHelper.KeyCallback(Int32 KeyMatrix, Int32 iPressed, Int32 DeviceID)
   at DisplayPad.SDK.Helper.DisplayPadMessagePumpManager.CallBack(UInt16 wMatrix, Boolean bPressed, UInt32 ID)
***************************************************************************************************************

***************************************************************************************************************
TITLE == KeyCallBack
TYPE == ERROR
TIME :18.07.2026 15:33:38
==> MESSAGE : Object reference not set to an instance of an object.
==> STACK TRACE : at DisplayPad.Host.ViewModels.MainViewModel.RunOnUi(Action action)
   at DisplayPad.Host.ViewModels.MainViewModel.<.ctor>b__48_1(Int32 matrix)
   at DisplayPad.Host.Services.DeviceService.OnKey(Int32 keyMatrix, Int32 pressed, Int32 deviceId)
   at DisplayPad.SDK.DisplayPadHelper.KeyCallback(Int32 KeyMatrix, Int32 iPressed, Int32 DeviceID)
   at DisplayPad.SDK.Helper.DisplayPadMessagePumpManager.CallBack(UInt16 wMatrix, Boolean bPressed, UInt32 ID)
***************************************************************************************************************

***************************************************************************************************************
TITLE == KeyCallBack
TYPE == ERROR
TIME :18.07.2026 15:33:38
==> MESSAGE : Object reference not set to an instance of an object.
==> STACK TRACE : at DisplayPad.Host.ViewModels.MainViewModel.RunOnUi(Action action)
   at DisplayPad.Host.ViewModels.MainViewModel.<.ctor>b__48_1(Int32 matrix)
   at DisplayPad.Host.Services.DeviceService.OnKey(Int32 keyMatrix, Int32 pressed, Int32 deviceId)
   at DisplayPad.SDK.DisplayPadHelper.KeyCallback(Int32 KeyMatrix, Int32 iPressed, Int32 DeviceID)
   at DisplayPad.SDK.Helper.DisplayPadMessagePumpManager.CallBack(UInt16 wMatrix, Boolean bPressed, UInt32 ID)
***************************************************************************************************************

***************************************************************************************************************
TYPE == MESSAGE
TIME :18.07.2026 16:07:20
==> MESSAGE : Display pad Message Pump Thread Started: True
==> STACK TRACE : 
***************************************************************************************************************

***************************************************************************************************************
TITLE == DisplayPadIsDevicePlug
TYPE == MESSAGE
TIME :18.07.2026 16:07:20
==> MESSAGE : True
==> STACK TRACE : 
***************************************************************************************************************

***************************************************************************************************************
TITLE == DisplayPadIsDevicePlug
TYPE == MESSAGE
TIME :18.07.2026 16:07:20
==> MESSAGE : True
==> STACK TRACE : 
***************************************************************************************************************

***************************************************************************************************************
TITLE == DisplayPadAPEnable
TYPE == MESSAGE
TIME :18.07.2026 16:07:20
==> MESSAGE : True
==> STACK TRACE : 
***************************************************************************************************************

***************************************************************************************************************
TITLE == DisplayPadIsDevicePlug
TYPE == MESSAGE
TIME :18.07.2026 16:07:20
==> MESSAGE : True
==> STACK TRACE : 
***************************************************************************************************************

***************************************************************************************************************
TITLE == DisplayPadIsDevicePlug
TYPE == MESSAGE
TIME :18.07.2026 16:07:20
==> MESSAGE : True
==> STACK TRACE : 
***************************************************************************************************************

***************************************************************************************************************
TITLE == DisplayPadAPEnable
TYPE == MESSAGE
TIME :18.07.2026 16:07:20
==> MESSAGE : True
==> STACK TRACE : 
***************************************************************************************************************

***************************************************************************************************************
TITLE == DisplayPadAPEnable
TYPE == MESSAGE
TIME :18.07.2026 16:07:20
==> MESSAGE : True
==> STACK TRACE : 
***************************************************************************************************************

***************************************************************************************************************
TYPE == MESSAGE
TIME :18.07.2026 16:09:22
==> MESSAGE : Display pad Message Pump Thread Started: True
==> STACK TRACE : 
***************************************************************************************************************

***************************************************************************************************************
TITLE == DisplayPadIsDevicePlug
TYPE == MESSAGE
TIME :18.07.2026 16:09:22
==> MESSAGE : True
==> STACK TRACE : 
***************************************************************************************************************

***************************************************************************************************************
TITLE == DisplayPadIsDevicePlug
TYPE == MESSAGE
TIME :18.07.2026 16:09:22
==> MESSAGE : True
==> STACK TRACE : 
***************************************************************************************************************

***************************************************************************************************************
TITLE == DisplayPadAPEnable
TYPE == MESSAGE
TIME :18.07.2026 16:09:22
==> MESSAGE : True
==> STACK TRACE : 
***************************************************************************************************************

***************************************************************************************************************
TITLE == DisplayPadIsDevicePlug
TYPE == MESSAGE
TIME :18.07.2026 16:09:22
==> MESSAGE : True
==> STACK TRACE : 
***************************************************************************************************************

***************************************************************************************************************
TITLE == DisplayPadIsDevicePlug
TYPE == MESSAGE
TIME :18.07.2026 16:09:22
==> MESSAGE : True
==> STACK TRACE : 
***************************************************************************************************************

***************************************************************************************************************
TITLE == DisplayPadAPEnable
TYPE == MESSAGE
TIME :18.07.2026 16:09:22
==> MESSAGE : True
==> STACK TRACE : 
***************************************************************************************************************

***************************************************************************************************************
TITLE == DisplayPadAPEnable
TYPE == MESSAGE
TIME :18.07.2026 16:09:22
==> MESSAGE : True
==> STACK TRACE : 
***************************************************************************************************************

***************************************************************************************************************
TYPE == MESSAGE
TIME :18.07.2026 18:45:15
==> MESSAGE : Display pad Message Pump Thread Started: True
==> STACK TRACE : 
***************************************************************************************************************

***************************************************************************************************************
TITLE == DisplayPadIsDevicePlug
TYPE == MESSAGE
TIME :18.07.2026 18:45:15
==> MESSAGE : True
==> STACK TRACE : 
***************************************************************************************************************

***************************************************************************************************************
TITLE == DisplayPadIsDevicePlug
TYPE == MESSAGE
TIME :18.07.2026 18:45:15
==> MESSAGE : True
==> STACK TRACE : 
***************************************************************************************************************

***************************************************************************************************************
TITLE == DisplayPadAPEnable
TYPE == MESSAGE
TIME :18.07.2026 18:45:15
==> MESSAGE : True
==> STACK TRACE : 
***************************************************************************************************************

***************************************************************************************************************
TITLE == DisplayPadIsDevicePlug
TYPE == MESSAGE
TIME :18.07.2026 18:45:15
==> MESSAGE : True
==> STACK TRACE : 
***************************************************************************************************************

***************************************************************************************************************
TITLE == DisplayPadIsDevicePlug
TYPE == MESSAGE
TIME :18.07.2026 18:45:15
==> MESSAGE : True
==> STACK TRACE : 
***************************************************************************************************************

***************************************************************************************************************
TITLE == DisplayPadAPEnable
TYPE == MESSAGE
TIME :18.07.2026 18:45:15
==> MESSAGE : True
==> STACK TRACE : 
***************************************************************************************************************

***************************************************************************************************************
TITLE == DisplayPadAPEnable
TYPE == MESSAGE
TIME :18.07.2026 18:45:15
==> MESSAGE : True
==> STACK TRACE : 
***************************************************************************************************************
