
***************************************************************************************************************
TYPE == MESSAGE
TIME :17.07.2026 18:08:11
==> MESSAGE : Display pad Message Pump Thread Started: True
==> STACK TRACE : 
***************************************************************************************************************

***************************************************************************************************************
TITLE == DisplayPadIsDevicePlug
TYPE == MESSAGE
TIME :17.07.2026 18:08:11
==> MESSAGE : True
==> STACK TRACE : 
***************************************************************************************************************

***************************************************************************************************************
TYPE == MESSAGE
TIME :17.07.2026 18:23:56
==> MESSAGE : Display pad Message Pump Thread Started: True
==> STACK TRACE : 
***************************************************************************************************************

***************************************************************************************************************
TITLE == DisplayPadIsDevicePlug
TYPE == MESSAGE
TIME :17.07.2026 18:23:56
==> MESSAGE : True
==> STACK TRACE : 
***************************************************************************************************************

***************************************************************************************************************
TITLE == DisplayPadIsDevicePlug
TYPE == MESSAGE
TIME :17.07.2026 18:24:12
==> MESSAGE : True
==> STACK TRACE : 
***************************************************************************************************************

***************************************************************************************************************
TITLE == DisplayPadIsDevicePlug
TYPE == MESSAGE
TIME :17.07.2026 18:24:12
==> MESSAGE : True
==> STACK TRACE : 
***************************************************************************************************************

***************************************************************************************************************
TITLE == DisplayPadIsDevicePlug
TYPE == MESSAGE
TIME :17.07.2026 18:24:12
==> MESSAGE : True
==> STACK TRACE : 
***************************************************************************************************************

***************************************************************************************************************
TITLE == DisplayPadIsDevicePlug
TYPE == MESSAGE
TIME :17.07.2026 18:24:12
==> MESSAGE : True
==> STACK TRACE : 
***************************************************************************************************************

***************************************************************************************************************
TITLE == DisplayPadIsDevicePlug
TYPE == MESSAGE
TIME :17.07.2026 18:24:12
==> MESSAGE : True
==> STACK TRACE : 
***************************************************************************************************************

***************************************************************************************************************
TITLE == DisplayPadIsDevicePlug
TYPE == MESSAGE
TIME :17.07.2026 18:24:12
==> MESSAGE : True
==> STACK TRACE : 
***************************************************************************************************************

***************************************************************************************************************
TITLE == DisplayPadIsDevicePlug
TYPE == MESSAGE
TIME :17.07.2026 18:24:12
==> MESSAGE : True
==> STACK TRACE : 
***************************************************************************************************************

***************************************************************************************************************
TITLE == DisplayPadIsDevicePlug
TYPE == MESSAGE
TIME :17.07.2026 18:24:12
==> MESSAGE : True
==> STACK TRACE : 
***************************************************************************************************************

***************************************************************************************************************
TITLE == DisplayPadIsDevicePlug
TYPE == MESSAGE
TIME :17.07.2026 18:24:12
==> MESSAGE : True
==> STACK TRACE : 
***************************************************************************************************************

***************************************************************************************************************
TITLE == DisplayPadIsDevicePlug
TYPE == MESSAGE
TIME :17.07.2026 18:24:12
==> MESSAGE : True
==> STACK TRACE : 
***************************************************************************************************************

***************************************************************************************************************
TITLE == DisplayPadIsDevicePlug
TYPE == MESSAGE
TIME :17.07.2026 18:24:12
==> MESSAGE : True
==> STACK TRACE : 
***************************************************************************************************************

***************************************************************************************************************
TITLE == DisplayPadIsDevicePlug
TYPE == MESSAGE
TIME :17.07.2026 18:24:12
==> MESSAGE : True
==> STACK TRACE : 
***************************************************************************************************************

***************************************************************************************************************
TITLE == DisplayPadIsDevicePlug
TYPE == MESSAGE
TIME :17.07.2026 18:24:12
==> MESSAGE : True
==> STACK TRACE : 
***************************************************************************************************************

***************************************************************************************************************
TITLE == DisplayPadIsDevicePlug
TYPE == MESSAGE
TIME :17.07.2026 18:24:22
==> MESSAGE : True
==> STACK TRACE : 
***************************************************************************************************************

***************************************************************************************************************
TITLE == DisplayPadIsDevicePlug
TYPE == MESSAGE
TIME :17.07.2026 18:24:22
==> MESSAGE : True
==> STACK TRACE : 
***************************************************************************************************************

***************************************************************************************************************
TITLE == DisplayPadIsDevicePlug
TYPE == MESSAGE
TIME :17.07.2026 18:24:22
==> MESSAGE : True
==> STACK TRACE : 
***************************************************************************************************************

***************************************************************************************************************
TITLE == DisplayPadIsDevicePlug
TYPE == MESSAGE
TIME :17.07.2026 18:24:22
==> MESSAGE : True
==> STACK TRACE : 
***************************************************************************************************************

***************************************************************************************************************
TITLE == DisplayPadIsDevicePlug
TYPE == MESSAGE
TIME :17.07.2026 18:24:22
==> MESSAGE : True
==> STACK TRACE : 
***************************************************************************************************************

***************************************************************************************************************
TITLE == DisplayPadIsDevicePlug
TYPE == MESSAGE
TIME :17.07.2026 18:24:22
==> MESSAGE : True
==> STACK TRACE : 
***************************************************************************************************************

***************************************************************************************************************
TITLE == DisplayPadIsDevicePlug
TYPE == MESSAGE
TIME :17.07.2026 18:24:22
==> MESSAGE : True
==> STACK TRACE : 
***************************************************************************************************************

***************************************************************************************************************
TITLE == DisplayPadIsDevicePlug
TYPE == MESSAGE
TIME :17.07.2026 18:24:22
==> MESSAGE : True
==> STACK TRACE : 
***************************************************************************************************************

***************************************************************************************************************
TITLE == DisplayPadIsDevicePlug
TYPE == MESSAGE
TIME :17.07.2026 18:24:22
==> MESSAGE : True
==> STACK TRACE : 
***************************************************************************************************************

***************************************************************************************************************
TITLE == DisplayPadIsDevicePlug
TYPE == MESSAGE
TIME :17.07.2026 18:24:22
==> MESSAGE : True
==> STACK TRACE : 
***************************************************************************************************************

***************************************************************************************************************
TITLE == DisplayPadIsDevicePlug
TYPE == MESSAGE
TIME :17.07.2026 18:24:22
==> MESSAGE : True
==> STACK TRACE : 
***************************************************************************************************************

***************************************************************************************************************
TITLE == DisplayPadIsDevicePlug
TYPE == MESSAGE
TIME :17.07.2026 18:24:22
==> MESSAGE : True
==> STACK TRACE : 
***************************************************************************************************************

***************************************************************************************************************
TITLE == DisplayPadIsDevicePlug
TYPE == MESSAGE
TIME :17.07.2026 18:24:22
==> MESSAGE : True
==> STACK TRACE : 
***************************************************************************************************************

***************************************************************************************************************
TITLE == DisplayPadIsDevicePlug
TYPE == MESSAGE
TIME :17.07.2026 18:25:46
==> MESSAGE : True
==> STACK TRACE : 
***************************************************************************************************************

***************************************************************************************************************
TITLE == DisplayPadIsDevicePlug
TYPE == MESSAGE
TIME :17.07.2026 18:25:46
==> MESSAGE : True
==> STACK TRACE : 
***************************************************************************************************************

***************************************************************************************************************
TITLE == DisplayPadIsDevicePlug
TYPE == MESSAGE
TIME :17.07.2026 18:25:46
==> MESSAGE : True
==> STACK TRACE : 
***************************************************************************************************************

***************************************************************************************************************
TITLE == DisplayPadIsDevicePlug
TYPE == MESSAGE
TIME :17.07.2026 18:25:46
==> MESSAGE : True
==> STACK TRACE : 
***************************************************************************************************************

***************************************************************************************************************
TITLE == DisplayPadIsDevicePlug
TYPE == MESSAGE
TIME :17.07.2026 18:25:46
==> MESSAGE : True
==> STACK TRACE : 
***************************************************************************************************************

***************************************************************************************************************
TITLE == DisplayPadIsDevicePlug
TYPE == MESSAGE
TIME :17.07.2026 18:25:46
==> MESSAGE : True
==> STACK TRACE : 
***************************************************************************************************************

***************************************************************************************************************
TITLE == DisplayPadIsDevicePlug
TYPE == MESSAGE
TIME :17.07.2026 18:25:46
==> MESSAGE : True
==> STACK TRACE : 
***************************************************************************************************************

***************************************************************************************************************
TITLE == DisplayPadIsDevicePlug
TYPE == MESSAGE
TIME :17.07.2026 18:25:46
==> MESSAGE : True
==> STACK TRACE : 
***************************************************************************************************************

***************************************************************************************************************
TITLE == DisplayPadIsDevicePlug
TYPE == MESSAGE
TIME :17.07.2026 18:25:46
==> MESSAGE : True
==> STACK TRACE : 
***************************************************************************************************************

***************************************************************************************************************
TITLE == DisplayPadIsDevicePlug
TYPE == MESSAGE
TIME :17.07.2026 18:25:46
==> MESSAGE : True
==> STACK TRACE : 
***************************************************************************************************************

***************************************************************************************************************
TITLE == DisplayPadIsDevicePlug
TYPE == MESSAGE
TIME :17.07.2026 18:25:46
==> MESSAGE : True
==> STACK TRACE : 
***************************************************************************************************************

***************************************************************************************************************
TITLE == DisplayPadIsDevicePlug
TYPE == MESSAGE
TIME :17.07.2026 18:25:46
==> MESSAGE : True
==> STACK TRACE : 
***************************************************************************************************************

***************************************************************************************************************
TITLE == DisplayPadIsDevicePlug
TYPE == MESSAGE
TIME :17.07.2026 18:25:46
==> MESSAGE : True
==> STACK TRACE : 
***************************************************************************************************************

***************************************************************************************************************
TITLE == DisplayPadIsDevicePlug
TYPE == MESSAGE
TIME :17.07.2026 18:26:24
==> MESSAGE : True
==> STACK TRACE : 
***************************************************************************************************************

***************************************************************************************************************
TITLE == DisplayPadIsDevicePlug
TYPE == MESSAGE
TIME :17.07.2026 18:26:24
==> MESSAGE : True
==> STACK TRACE : 
***************************************************************************************************************

***************************************************************************************************************
TITLE == DisplayPadIsDevicePlug
TYPE == MESSAGE
TIME :17.07.2026 18:26:24
==> MESSAGE : True
==> STACK TRACE : 
***************************************************************************************************************

***************************************************************************************************************
TITLE == DisplayPadIsDevicePlug
TYPE == MESSAGE
TIME :17.07.2026 18:26:24
==> MESSAGE : True
==> STACK TRACE : 
***************************************************************************************************************

***************************************************************************************************************
TITLE == DisplayPadIsDevicePlug
TYPE == MESSAGE
TIME :17.07.2026 18:26:24
==> MESSAGE : True
==> STACK TRACE : 
***************************************************************************************************************

***************************************************************************************************************
TITLE == DisplayPadIsDevicePlug
TYPE == MESSAGE
TIME :17.07.2026 18:26:24
==> MESSAGE : True
==> STACK TRACE : 
***************************************************************************************************************

***************************************************************************************************************
TITLE == DisplayPadIsDevicePlug
TYPE == MESSAGE
TIME :17.07.2026 18:26:24
==> MESSAGE : True
==> STACK TRACE : 
***************************************************************************************************************

***************************************************************************************************************
TITLE == DisplayPadIsDevicePlug
TYPE == MESSAGE
TIME :17.07.2026 18:26:24
==> MESSAGE : True
==> STACK TRACE : 
***************************************************************************************************************

***************************************************************************************************************
TITLE == DisplayPadIsDevicePlug
TYPE == MESSAGE
TIME :17.07.2026 18:26:24
==> MESSAGE : True
==> STACK TRACE : 
***************************************************************************************************************

***************************************************************************************************************
TITLE == DisplayPadIsDevicePlug
TYPE == MESSAGE
TIME :17.07.2026 18:26:24
==> MESSAGE : True
==> STACK TRACE : 
***************************************************************************************************************

***************************************************************************************************************
TITLE == DisplayPadIsDevicePlug
TYPE == MESSAGE
TIME :17.07.2026 18:26:24
==> MESSAGE : True
==> STACK TRACE : 
***************************************************************************************************************

***************************************************************************************************************
TITLE == DisplayPadIsDevicePlug
TYPE == MESSAGE
TIME :17.07.2026 18:26:24
==> MESSAGE : True
==> STACK TRACE : 
***************************************************************************************************************

***************************************************************************************************************
TITLE == DisplayPadIsDevicePlug
TYPE == MESSAGE
TIME :17.07.2026 18:26:24
==> MESSAGE : True
==> STACK TRACE : 
***************************************************************************************************************

***************************************************************************************************************
TITLE == DisplayPadIsDevicePlug
TYPE == MESSAGE
TIME :17.07.2026 18:27:09
==> MESSAGE : True
==> STACK TRACE : 
***************************************************************************************************************

***************************************************************************************************************
TITLE == DisplayPadIsDevicePlug
TYPE == MESSAGE
TIME :17.07.2026 18:27:09
==> MESSAGE : True
==> STACK TRACE : 
***************************************************************************************************************

***************************************************************************************************************
TITLE == DisplayPadIsDevicePlug
TYPE == MESSAGE
TIME :17.07.2026 18:27:09
==> MESSAGE : True
==> STACK TRACE : 
***************************************************************************************************************

***************************************************************************************************************
TITLE == DisplayPadIsDevicePlug
TYPE == MESSAGE
TIME :17.07.2026 18:27:09
==> MESSAGE : True
==> STACK TRACE : 
***************************************************************************************************************

***************************************************************************************************************
TITLE == DisplayPadIsDevicePlug
TYPE == MESSAGE
TIME :17.07.2026 18:27:09
==> MESSAGE : True
==> STACK TRACE : 
***************************************************************************************************************

***************************************************************************************************************
TITLE == DisplayPadIsDevicePlug
TYPE == MESSAGE
TIME :17.07.2026 18:27:09
==> MESSAGE : True
==> STACK TRACE : 
***************************************************************************************************************

***************************************************************************************************************
TITLE == DisplayPadIsDevicePlug
TYPE == MESSAGE
TIME :17.07.2026 18:27:09
==> MESSAGE : True
==> STACK TRACE : 
***************************************************************************************************************

***************************************************************************************************************
TITLE == DisplayPadIsDevicePlug
TYPE == MESSAGE
TIME :17.07.2026 18:27:09
==> MESSAGE : True
==> STACK TRACE : 
***************************************************************************************************************

***************************************************************************************************************
TITLE == DisplayPadIsDevicePlug
TYPE == MESSAGE
TIME :17.07.2026 18:27:09
==> MESSAGE : True
==> STACK TRACE : 
***************************************************************************************************************

***************************************************************************************************************
TITLE == DisplayPadIsDevicePlug
TYPE == MESSAGE
TIME :17.07.2026 18:27:09
==> MESSAGE : True
==> STACK TRACE : 
***************************************************************************************************************

***************************************************************************************************************
TITLE == DisplayPadIsDevicePlug
TYPE == MESSAGE
TIME :17.07.2026 18:27:09
==> MESSAGE : True
==> STACK TRACE : 
***************************************************************************************************************

***************************************************************************************************************
TITLE == DisplayPadIsDevicePlug
TYPE == MESSAGE
TIME :17.07.2026 18:27:09
==> MESSAGE : True
==> STACK TRACE : 
***************************************************************************************************************

***************************************************************************************************************
TITLE == DisplayPadIsDevicePlug
TYPE == MESSAGE
TIME :17.07.2026 18:27:09
==> MESSAGE : True
==> STACK TRACE : 
***************************************************************************************************************

***************************************************************************************************************
TITLE == DisplayPadIsDevicePlug
TYPE == MESSAGE
TIME :17.07.2026 18:28:18
==> MESSAGE : True
==> STACK TRACE : 
***************************************************************************************************************

***************************************************************************************************************
TITLE == DisplayPadIsDevicePlug
TYPE == MESSAGE
TIME :17.07.2026 18:28:18
==> MESSAGE : True
==> STACK TRACE : 
***************************************************************************************************************

***************************************************************************************************************
TITLE == DisplayPadIsDevicePlug
TYPE == MESSAGE
TIME :17.07.2026 18:28:18
==> MESSAGE : True
==> STACK TRACE : 
***************************************************************************************************************

***************************************************************************************************************
TITLE == DisplayPadIsDevicePlug
TYPE == MESSAGE
TIME :17.07.2026 18:28:18
==> MESSAGE : True
==> STACK TRACE : 
***************************************************************************************************************

***************************************************************************************************************
TITLE == DisplayPadIsDevicePlug
TYPE == MESSAGE
TIME :17.07.2026 18:28:18
==> MESSAGE : True
==> STACK TRACE : 
***************************************************************************************************************

***************************************************************************************************************
TITLE == DisplayPadIsDevicePlug
TYPE == MESSAGE
TIME :17.07.2026 18:28:18
==> MESSAGE : True
==> STACK TRACE : 
***************************************************************************************************************

***************************************************************************************************************
TITLE == DisplayPadIsDevicePlug
TYPE == MESSAGE
TIME :17.07.2026 18:28:18
==> MESSAGE : True
==> STACK TRACE : 
***************************************************************************************************************

***************************************************************************************************************
TITLE == DisplayPadIsDevicePlug
TYPE == MESSAGE
TIME :17.07.2026 18:28:18
==> MESSAGE : True
==> STACK TRACE : 
***************************************************************************************************************

***************************************************************************************************************
TITLE == DisplayPadIsDevicePlug
TYPE == MESSAGE
TIME :17.07.2026 18:28:18
==> MESSAGE : True
==> STACK TRACE : 
***************************************************************************************************************

***************************************************************************************************************
TITLE == DisplayPadIsDevicePlug
TYPE == MESSAGE
TIME :17.07.2026 18:28:18
==> MESSAGE : True
==> STACK TRACE : 
***************************************************************************************************************

***************************************************************************************************************
TITLE == DisplayPadIsDevicePlug
TYPE == MESSAGE
TIME :17.07.2026 18:28:18
==> MESSAGE : True
==> STACK TRACE : 
***************************************************************************************************************

***************************************************************************************************************
TITLE == DisplayPadIsDevicePlug
TYPE == MESSAGE
TIME :17.07.2026 18:28:18
==> MESSAGE : True
==> STACK TRACE : 
***************************************************************************************************************

***************************************************************************************************************
TITLE == DisplayPadIsDevicePlug
TYPE == MESSAGE
TIME :17.07.2026 18:28:18
==> MESSAGE : True
==> STACK TRACE : 
***************************************************************************************************************

***************************************************************************************************************
TITLE == DisplayPadIsDevicePlug
TYPE == MESSAGE
TIME :17.07.2026 18:28:23
==> MESSAGE : True
==> STACK TRACE : 
***************************************************************************************************************

***************************************************************************************************************
TITLE == DisplayPadIsDevicePlug
TYPE == MESSAGE
TIME :17.07.2026 18:28:23
==> MESSAGE : True
==> STACK TRACE : 
***************************************************************************************************************

***************************************************************************************************************
TITLE == DisplayPadIsDevicePlug
TYPE == MESSAGE
TIME :17.07.2026 18:28:23
==> MESSAGE : True
==> STACK TRACE : 
***************************************************************************************************************

***************************************************************************************************************
TITLE == DisplayPadIsDevicePlug
TYPE == MESSAGE
TIME :17.07.2026 18:28:24
==> MESSAGE : True
==> STACK TRACE : 
***************************************************************************************************************

***************************************************************************************************************
TITLE == DisplayPadIsDevicePlug
TYPE == MESSAGE
TIME :17.07.2026 18:28:24
==> MESSAGE : True
==> STACK TRACE : 
***************************************************************************************************************

***************************************************************************************************************
TITLE == DisplayPadIsDevicePlug
TYPE == MESSAGE
TIME :17.07.2026 18:28:24
==> MESSAGE : True
==> STACK TRACE : 
***************************************************************************************************************

***************************************************************************************************************
TITLE == DisplayPadIsDevicePlug
TYPE == MESSAGE
TIME :17.07.2026 18:28:24
==> MESSAGE : True
==> STACK TRACE : 
***************************************************************************************************************

***************************************************************************************************************
TITLE == DisplayPadIsDevicePlug
TYPE == MESSAGE
TIME :17.07.2026 18:28:24
==> MESSAGE : True
==> STACK TRACE : 
***************************************************************************************************************

***************************************************************************************************************
TITLE == DisplayPadIsDevicePlug
TYPE == MESSAGE
TIME :17.07.2026 18:28:24
==> MESSAGE : True
==> STACK TRACE : 
***************************************************************************************************************

***************************************************************************************************************
TITLE == DisplayPadIsDevicePlug
TYPE == MESSAGE
TIME :17.07.2026 18:28:24
==> MESSAGE : True
==> STACK TRACE : 
***************************************************************************************************************

***************************************************************************************************************
TITLE == DisplayPadIsDevicePlug
TYPE == MESSAGE
TIME :17.07.2026 18:28:24
==> MESSAGE : True
==> STACK TRACE : 
***************************************************************************************************************

***************************************************************************************************************
TITLE == DisplayPadIsDevicePlug
TYPE == MESSAGE
TIME :17.07.2026 18:28:24
==> MESSAGE : True
==> STACK TRACE : 
***************************************************************************************************************

***************************************************************************************************************
TITLE == DisplayPadIsDevicePlug
TYPE == MESSAGE
TIME :17.07.2026 18:28:24
==> MESSAGE : True
==> STACK TRACE : 
***************************************************************************************************************

***************************************************************************************************************
TITLE == DisplayPadIsDevicePlug
TYPE == MESSAGE
TIME :17.07.2026 18:28:48
==> MESSAGE : True
==> STACK TRACE : 
***************************************************************************************************************

***************************************************************************************************************
TITLE == DisplayPadIsDevicePlug
TYPE == MESSAGE
TIME :17.07.2026 18:28:48
==> MESSAGE : True
==> STACK TRACE : 
***************************************************************************************************************

***************************************************************************************************************
TITLE == DisplayPadIsDevicePlug
TYPE == MESSAGE
TIME :17.07.2026 18:28:48
==> MESSAGE : True
==> STACK TRACE : 
***************************************************************************************************************

***************************************************************************************************************
TITLE == DisplayPadIsDevicePlug
TYPE == MESSAGE
TIME :17.07.2026 18:28:49
==> MESSAGE : True
==> STACK TRACE : 
***************************************************************************************************************

***************************************************************************************************************
TITLE == DisplayPadIsDevicePlug
TYPE == MESSAGE
TIME :17.07.2026 18:28:49
==> MESSAGE : True
==> STACK TRACE : 
***************************************************************************************************************

***************************************************************************************************************
TITLE == DisplayPadIsDevicePlug
TYPE == MESSAGE
TIME :17.07.2026 18:28:49
==> MESSAGE : True
==> STACK TRACE : 
***************************************************************************************************************

***************************************************************************************************************
TITLE == DisplayPadIsDevicePlug
TYPE == MESSAGE
TIME :17.07.2026 18:28:49
==> MESSAGE : True
==> STACK TRACE : 
***************************************************************************************************************

***************************************************************************************************************
TITLE == DisplayPadIsDevicePlug
TYPE == MESSAGE
TIME :17.07.2026 18:28:49
==> MESSAGE : True
==> STACK TRACE : 
***************************************************************************************************************

***************************************************************************************************************
TITLE == DisplayPadIsDevicePlug
TYPE == MESSAGE
TIME :17.07.2026 18:28:49
==> MESSAGE : True
==> STACK TRACE : 
***************************************************************************************************************

***************************************************************************************************************
TITLE == DisplayPadIsDevicePlug
TYPE == MESSAGE
TIME :17.07.2026 18:28:49
==> MESSAGE : True
==> STACK TRACE : 
***************************************************************************************************************

***************************************************************************************************************
TITLE == DisplayPadIsDevicePlug
TYPE == MESSAGE
TIME :17.07.2026 18:28:49
==> MESSAGE : True
==> STACK TRACE : 
***************************************************************************************************************

***************************************************************************************************************
TITLE == DisplayPadIsDevicePlug
TYPE == MESSAGE
TIME :17.07.2026 18:28:49
==> MESSAGE : True
==> STACK TRACE : 
***************************************************************************************************************

***************************************************************************************************************
TITLE == DisplayPadIsDevicePlug
TYPE == MESSAGE
TIME :17.07.2026 18:28:49
==> MESSAGE : True
==> STACK TRACE : 
***************************************************************************************************************

***************************************************************************************************************
TITLE == KeyCallBack
TYPE == ERROR
TIME :17.07.2026 18:30:19
==> MESSAGE : Object reference not set to an instance of an object.
==> STACK TRACE : at DisplayPad.Host.ViewModels.MainViewModel.RunOnUi(Action action)
   at DisplayPad.Host.ViewModels.MainViewModel.<.ctor>b__21_1(Int32 matrix)
   at DisplayPad.Host.Services.DeviceService.OnKey(Int32 keyMatrix, Int32 pressed, Int32 deviceId)
   at DisplayPad.SDK.DisplayPadHelper.KeyCallback(Int32 KeyMatrix, Int32 iPressed, Int32 DeviceID)
   at DisplayPad.SDK.Helper.DisplayPadMessagePumpManager.CallBack(UInt16 wMatrix, Boolean bPressed, UInt32 ID)
***************************************************************************************************************

***************************************************************************************************************
TYPE == MESSAGE
TIME :17.07.2026 18:30:26
==> MESSAGE : Display pad Message Pump Thread Started: True
==> STACK TRACE : 
***************************************************************************************************************

***************************************************************************************************************
TITLE == DisplayPadIsDevicePlug
TYPE == MESSAGE
TIME :17.07.2026 18:30:26
==> MESSAGE : True
==> STACK TRACE : 
***************************************************************************************************************

***************************************************************************************************************
TITLE == DisplayPadIsDevicePlug
TYPE == MESSAGE
TIME :17.07.2026 18:30:30
==> MESSAGE : True
==> STACK TRACE : 
***************************************************************************************************************

***************************************************************************************************************
TITLE == DisplayPadIsDevicePlug
TYPE == MESSAGE
TIME :17.07.2026 18:30:30
==> MESSAGE : True
==> STACK TRACE : 
***************************************************************************************************************

***************************************************************************************************************
TITLE == DisplayPadIsDevicePlug
TYPE == MESSAGE
TIME :17.07.2026 18:30:30
==> MESSAGE : True
==> STACK TRACE : 
***************************************************************************************************************

***************************************************************************************************************
TITLE == DisplayPadIsDevicePlug
TYPE == MESSAGE
TIME :17.07.2026 18:30:30
==> MESSAGE : True
==> STACK TRACE : 
***************************************************************************************************************

***************************************************************************************************************
TITLE == DisplayPadIsDevicePlug
TYPE == MESSAGE
TIME :17.07.2026 18:30:30
==> MESSAGE : True
==> STACK TRACE : 
***************************************************************************************************************

***************************************************************************************************************
TITLE == DisplayPadIsDevicePlug
TYPE == MESSAGE
TIME :17.07.2026 18:30:30
==> MESSAGE : True
==> STACK TRACE : 
***************************************************************************************************************

***************************************************************************************************************
TITLE == DisplayPadIsDevicePlug
TYPE == MESSAGE
TIME :17.07.2026 18:30:30
==> MESSAGE : True
==> STACK TRACE : 
***************************************************************************************************************

***************************************************************************************************************
TITLE == DisplayPadIsDevicePlug
TYPE == MESSAGE
TIME :17.07.2026 18:30:30
==> MESSAGE : True
==> STACK TRACE : 
***************************************************************************************************************

***************************************************************************************************************
TITLE == DisplayPadIsDevicePlug
TYPE == MESSAGE
TIME :17.07.2026 18:30:30
==> MESSAGE : True
==> STACK TRACE : 
***************************************************************************************************************

***************************************************************************************************************
TITLE == DisplayPadIsDevicePlug
TYPE == MESSAGE
TIME :17.07.2026 18:30:30
==> MESSAGE : True
==> STACK TRACE : 
***************************************************************************************************************

***************************************************************************************************************
TITLE == DisplayPadIsDevicePlug
TYPE == MESSAGE
TIME :17.07.2026 18:30:30
==> MESSAGE : True
==> STACK TRACE : 
***************************************************************************************************************

***************************************************************************************************************
TITLE == DisplayPadIsDevicePlug
TYPE == MESSAGE
TIME :17.07.2026 18:30:30
==> MESSAGE : True
==> STACK TRACE : 
***************************************************************************************************************

***************************************************************************************************************
TITLE == DisplayPadIsDevicePlug
TYPE == MESSAGE
TIME :17.07.2026 18:30:30
==> MESSAGE : True
==> STACK TRACE : 
***************************************************************************************************************

***************************************************************************************************************
TITLE == KeyCallBack
TYPE == ERROR
TIME :17.07.2026 18:30:32
==> MESSAGE : Object reference not set to an instance of an object.
==> STACK TRACE : at DisplayPad.Host.ViewModels.MainViewModel.RunOnUi(Action action)
   at DisplayPad.Host.ViewModels.MainViewModel.<.ctor>b__21_1(Int32 matrix)
   at DisplayPad.Host.Services.DeviceService.OnKey(Int32 keyMatrix, Int32 pressed, Int32 deviceId)
   at DisplayPad.SDK.DisplayPadHelper.KeyCallback(Int32 KeyMatrix, Int32 iPressed, Int32 DeviceID)
   at DisplayPad.SDK.Helper.DisplayPadMessagePumpManager.CallBack(UInt16 wMatrix, Boolean bPressed, UInt32 ID)
***************************************************************************************************************

***************************************************************************************************************
TITLE == KeyCallBack
TYPE == ERROR
TIME :17.07.2026 18:30:36
==> MESSAGE : Object reference not set to an instance of an object.
==> STACK TRACE : at DisplayPad.Host.ViewModels.MainViewModel.RunOnUi(Action action)
   at DisplayPad.Host.ViewModels.MainViewModel.<.ctor>b__21_1(Int32 matrix)
   at DisplayPad.Host.Services.DeviceService.OnKey(Int32 keyMatrix, Int32 pressed, Int32 deviceId)
   at DisplayPad.SDK.DisplayPadHelper.KeyCallback(Int32 KeyMatrix, Int32 iPressed, Int32 DeviceID)
   at DisplayPad.SDK.Helper.DisplayPadMessagePumpManager.CallBack(UInt16 wMatrix, Boolean bPressed, UInt32 ID)
***************************************************************************************************************

***************************************************************************************************************
TITLE == KeyCallBack
TYPE == ERROR
TIME :17.07.2026 18:30:37
==> MESSAGE : Object reference not set to an instance of an object.
==> STACK TRACE : at DisplayPad.Host.ViewModels.MainViewModel.RunOnUi(Action action)
   at DisplayPad.Host.ViewModels.MainViewModel.<.ctor>b__21_1(Int32 matrix)
   at DisplayPad.Host.Services.DeviceService.OnKey(Int32 keyMatrix, Int32 pressed, Int32 deviceId)
   at DisplayPad.SDK.DisplayPadHelper.KeyCallback(Int32 KeyMatrix, Int32 iPressed, Int32 DeviceID)
   at DisplayPad.SDK.Helper.DisplayPadMessagePumpManager.CallBack(UInt16 wMatrix, Boolean bPressed, UInt32 ID)
***************************************************************************************************************

***************************************************************************************************************
TITLE == KeyCallBack
TYPE == ERROR
TIME :17.07.2026 18:30:37
==> MESSAGE : Object reference not set to an instance of an object.
==> STACK TRACE : at DisplayPad.Host.ViewModels.MainViewModel.RunOnUi(Action action)
   at DisplayPad.Host.ViewModels.MainViewModel.<.ctor>b__21_1(Int32 matrix)
   at DisplayPad.Host.Services.DeviceService.OnKey(Int32 keyMatrix, Int32 pressed, Int32 deviceId)
   at DisplayPad.SDK.DisplayPadHelper.KeyCallback(Int32 KeyMatrix, Int32 iPressed, Int32 DeviceID)
   at DisplayPad.SDK.Helper.DisplayPadMessagePumpManager.CallBack(UInt16 wMatrix, Boolean bPressed, UInt32 ID)
***************************************************************************************************************

***************************************************************************************************************
TITLE == KeyCallBack
TYPE == ERROR
TIME :17.07.2026 18:30:38
==> MESSAGE : Object reference not set to an instance of an object.
==> STACK TRACE : at DisplayPad.Host.ViewModels.MainViewModel.RunOnUi(Action action)
   at DisplayPad.Host.ViewModels.MainViewModel.<.ctor>b__21_1(Int32 matrix)
   at DisplayPad.Host.Services.DeviceService.OnKey(Int32 keyMatrix, Int32 pressed, Int32 deviceId)
   at DisplayPad.SDK.DisplayPadHelper.KeyCallback(Int32 KeyMatrix, Int32 iPressed, Int32 DeviceID)
   at DisplayPad.SDK.Helper.DisplayPadMessagePumpManager.CallBack(UInt16 wMatrix, Boolean bPressed, UInt32 ID)
***************************************************************************************************************

***************************************************************************************************************
TITLE == KeyCallBack
TYPE == ERROR
TIME :17.07.2026 18:30:38
==> MESSAGE : Object reference not set to an instance of an object.
==> STACK TRACE : at DisplayPad.Host.ViewModels.MainViewModel.RunOnUi(Action action)
   at DisplayPad.Host.ViewModels.MainViewModel.<.ctor>b__21_1(Int32 matrix)
   at DisplayPad.Host.Services.DeviceService.OnKey(Int32 keyMatrix, Int32 pressed, Int32 deviceId)
   at DisplayPad.SDK.DisplayPadHelper.KeyCallback(Int32 KeyMatrix, Int32 iPressed, Int32 DeviceID)
   at DisplayPad.SDK.Helper.DisplayPadMessagePumpManager.CallBack(UInt16 wMatrix, Boolean bPressed, UInt32 ID)
***************************************************************************************************************

***************************************************************************************************************
TITLE == KeyCallBack
TYPE == ERROR
TIME :17.07.2026 18:30:39
==> MESSAGE : Object reference not set to an instance of an object.
==> STACK TRACE : at DisplayPad.Host.ViewModels.MainViewModel.RunOnUi(Action action)
   at DisplayPad.Host.ViewModels.MainViewModel.<.ctor>b__21_1(Int32 matrix)
   at DisplayPad.Host.Services.DeviceService.OnKey(Int32 keyMatrix, Int32 pressed, Int32 deviceId)
   at DisplayPad.SDK.DisplayPadHelper.KeyCallback(Int32 KeyMatrix, Int32 iPressed, Int32 DeviceID)
   at DisplayPad.SDK.Helper.DisplayPadMessagePumpManager.CallBack(UInt16 wMatrix, Boolean bPressed, UInt32 ID)
***************************************************************************************************************

***************************************************************************************************************
TITLE == DisplayPadIsDevicePlug
TYPE == MESSAGE
TIME :17.07.2026 18:30:46
==> MESSAGE : True
==> STACK TRACE : 
***************************************************************************************************************

***************************************************************************************************************
TITLE == DisplayPadIsDevicePlug
TYPE == MESSAGE
TIME :17.07.2026 18:30:46
==> MESSAGE : True
==> STACK TRACE : 
***************************************************************************************************************

***************************************************************************************************************
TITLE == DisplayPadIsDevicePlug
TYPE == MESSAGE
TIME :17.07.2026 18:30:46
==> MESSAGE : True
==> STACK TRACE : 
***************************************************************************************************************

***************************************************************************************************************
TITLE == DisplayPadIsDevicePlug
TYPE == MESSAGE
TIME :17.07.2026 18:30:46
==> MESSAGE : True
==> STACK TRACE : 
***************************************************************************************************************

***************************************************************************************************************
TITLE == DisplayPadIsDevicePlug
TYPE == MESSAGE
TIME :17.07.2026 18:30:46
==> MESSAGE : True
==> STACK TRACE : 
***************************************************************************************************************

***************************************************************************************************************
TITLE == DisplayPadIsDevicePlug
TYPE == MESSAGE
TIME :17.07.2026 18:30:46
==> MESSAGE : True
==> STACK TRACE : 
***************************************************************************************************************

***************************************************************************************************************
TITLE == DisplayPadIsDevicePlug
TYPE == MESSAGE
TIME :17.07.2026 18:30:46
==> MESSAGE : True
==> STACK TRACE : 
***************************************************************************************************************

***************************************************************************************************************
TITLE == DisplayPadIsDevicePlug
TYPE == MESSAGE
TIME :17.07.2026 18:30:46
==> MESSAGE : True
==> STACK TRACE : 
***************************************************************************************************************

***************************************************************************************************************
TITLE == DisplayPadIsDevicePlug
TYPE == MESSAGE
TIME :17.07.2026 18:30:46
==> MESSAGE : True
==> STACK TRACE : 
***************************************************************************************************************

***************************************************************************************************************
TITLE == DisplayPadIsDevicePlug
TYPE == MESSAGE
TIME :17.07.2026 18:30:47
==> MESSAGE : True
==> STACK TRACE : 
***************************************************************************************************************

***************************************************************************************************************
TITLE == DisplayPadIsDevicePlug
TYPE == MESSAGE
TIME :17.07.2026 18:30:47
==> MESSAGE : True
==> STACK TRACE : 
***************************************************************************************************************

***************************************************************************************************************
TITLE == DisplayPadIsDevicePlug
TYPE == MESSAGE
TIME :17.07.2026 18:30:47
==> MESSAGE : True
==> STACK TRACE : 
***************************************************************************************************************

***************************************************************************************************************
TITLE == DisplayPadIsDevicePlug
TYPE == MESSAGE
TIME :17.07.2026 18:30:47
==> MESSAGE : True
==> STACK TRACE : 
***************************************************************************************************************

***************************************************************************************************************
TITLE == KeyCallBack
TYPE == ERROR
TIME :17.07.2026 18:30:49
==> MESSAGE : Object reference not set to an instance of an object.
==> STACK TRACE : at DisplayPad.Host.ViewModels.MainViewModel.RunOnUi(Action action)
   at DisplayPad.Host.ViewModels.MainViewModel.<.ctor>b__21_1(Int32 matrix)
   at DisplayPad.Host.Services.DeviceService.OnKey(Int32 keyMatrix, Int32 pressed, Int32 deviceId)
   at DisplayPad.SDK.DisplayPadHelper.KeyCallback(Int32 KeyMatrix, Int32 iPressed, Int32 DeviceID)
   at DisplayPad.SDK.Helper.DisplayPadMessagePumpManager.CallBack(UInt16 wMatrix, Boolean bPressed, UInt32 ID)
***************************************************************************************************************

***************************************************************************************************************
TITLE == KeyCallBack
TYPE == ERROR
TIME :17.07.2026 18:30:50
==> MESSAGE : Object reference not set to an instance of an object.
==> STACK TRACE : at DisplayPad.Host.ViewModels.MainViewModel.RunOnUi(Action action)
   at DisplayPad.Host.ViewModels.MainViewModel.<.ctor>b__21_1(Int32 matrix)
   at DisplayPad.Host.Services.DeviceService.OnKey(Int32 keyMatrix, Int32 pressed, Int32 deviceId)
   at DisplayPad.SDK.DisplayPadHelper.KeyCallback(Int32 KeyMatrix, Int32 iPressed, Int32 DeviceID)
   at DisplayPad.SDK.Helper.DisplayPadMessagePumpManager.CallBack(UInt16 wMatrix, Boolean bPressed, UInt32 ID)
***************************************************************************************************************

***************************************************************************************************************
TITLE == KeyCallBack
TYPE == ERROR
TIME :17.07.2026 18:30:51
==> MESSAGE : Object reference not set to an instance of an object.
==> STACK TRACE : at DisplayPad.Host.ViewModels.MainViewModel.RunOnUi(Action action)
   at DisplayPad.Host.ViewModels.MainViewModel.<.ctor>b__21_1(Int32 matrix)
   at DisplayPad.Host.Services.DeviceService.OnKey(Int32 keyMatrix, Int32 pressed, Int32 deviceId)
   at DisplayPad.SDK.DisplayPadHelper.KeyCallback(Int32 KeyMatrix, Int32 iPressed, Int32 DeviceID)
   at DisplayPad.SDK.Helper.DisplayPadMessagePumpManager.CallBack(UInt16 wMatrix, Boolean bPressed, UInt32 ID)
***************************************************************************************************************

***************************************************************************************************************
TITLE == KeyCallBack
TYPE == ERROR
TIME :17.07.2026 18:30:56
==> MESSAGE : Object reference not set to an instance of an object.
==> STACK TRACE : at DisplayPad.Host.ViewModels.MainViewModel.RunOnUi(Action action)
   at DisplayPad.Host.ViewModels.MainViewModel.<.ctor>b__21_1(Int32 matrix)
   at DisplayPad.Host.Services.DeviceService.OnKey(Int32 keyMatrix, Int32 pressed, Int32 deviceId)
   at DisplayPad.SDK.DisplayPadHelper.KeyCallback(Int32 KeyMatrix, Int32 iPressed, Int32 DeviceID)
   at DisplayPad.SDK.Helper.DisplayPadMessagePumpManager.CallBack(UInt16 wMatrix, Boolean bPressed, UInt32 ID)
***************************************************************************************************************
