
***************************************************************************************************************
TYPE == MESSAGE
TIME :19.07.2026 00:20:14
==> MESSAGE : Display pad Message Pump Thread Started: True
==> STACK TRACE : 
***************************************************************************************************************

***************************************************************************************************************
TITLE == DisplayPadIsDevicePlug
TYPE == MESSAGE
TIME :19.07.2026 00:20:14
==> MESSAGE : True
==> STACK TRACE : 
***************************************************************************************************************

***************************************************************************************************************
TITLE == DisplayPadIsDevicePlug
TYPE == MESSAGE
TIME :19.07.2026 00:20:14
==> MESSAGE : True
==> STACK TRACE : 
***************************************************************************************************************

***************************************************************************************************************
TITLE == DisplayPadAPEnable
TYPE == MESSAGE
TIME :19.07.2026 00:20:14
==> MESSAGE : True
==> STACK TRACE : 
***************************************************************************************************************

***************************************************************************************************************
TITLE == DisplayPadIsDevicePlug
TYPE == MESSAGE
TIME :19.07.2026 00:20:14
==> MESSAGE : True
==> STACK TRACE : 
***************************************************************************************************************

***************************************************************************************************************
TITLE == DisplayPadIsDevicePlug
TYPE == MESSAGE
TIME :19.07.2026 00:20:14
==> MESSAGE : True
==> STACK TRACE : 
***************************************************************************************************************

***************************************************************************************************************
TITLE == DisplayPadAPEnable
TYPE == MESSAGE
TIME :19.07.2026 00:20:14
==> MESSAGE : True
==> STACK TRACE : 
***************************************************************************************************************

***************************************************************************************************************
TITLE == DisplayPadAPEnable
TYPE == MESSAGE
TIME :19.07.2026 00:20:14
==> MESSAGE : True
==> STACK TRACE : 
***************************************************************************************************************

***************************************************************************************************************
TYPE == MESSAGE
TIME :19.07.2026 00:24:02
==> MESSAGE : Display pad Message Pump Thread Started: True
==> STACK TRACE : 
***************************************************************************************************************

***************************************************************************************************************
TITLE == DisplayPadIsDevicePlug
TYPE == MESSAGE
TIME :19.07.2026 00:24:02
==> MESSAGE : True
==> STACK TRACE : 
***************************************************************************************************************

***************************************************************************************************************
TITLE == DisplayPadIsDevicePlug
TYPE == MESSAGE
TIME :19.07.2026 00:24:02
==> MESSAGE : True
==> STACK TRACE : 
***************************************************************************************************************

***************************************************************************************************************
TITLE == DisplayPadAPEnable
TYPE == MESSAGE
TIME :19.07.2026 00:24:02
==> MESSAGE : True
==> STACK TRACE : 
***************************************************************************************************************

***************************************************************************************************************
TITLE == DisplayPadIsDevicePlug
TYPE == MESSAGE
TIME :19.07.2026 00:24:02
==> MESSAGE : True
==> STACK TRACE : 
***************************************************************************************************************

***************************************************************************************************************
TITLE == DisplayPadIsDevicePlug
TYPE == MESSAGE
TIME :19.07.2026 00:24:02
==> MESSAGE : True
==> STACK TRACE : 
***************************************************************************************************************

***************************************************************************************************************
TITLE == DisplayPadAPEnable
TYPE == MESSAGE
TIME :19.07.2026 00:24:02
==> MESSAGE : True
==> STACK TRACE : 
***************************************************************************************************************

***************************************************************************************************************
TITLE == DisplayPadAPEnable
TYPE == MESSAGE
TIME :19.07.2026 00:24:02
==> MESSAGE : True
==> STACK TRACE : 
***************************************************************************************************************

***************************************************************************************************************
TYPE == MESSAGE
TIME :19.07.2026 00:26:47
==> MESSAGE : Display pad Message Pump Thread Started: True
==> STACK TRACE : 
***************************************************************************************************************

***************************************************************************************************************
TITLE == DisplayPadIsDevicePlug
TYPE == MESSAGE
TIME :19.07.2026 00:26:47
==> MESSAGE : True
==> STACK TRACE : 
***************************************************************************************************************

***************************************************************************************************************
TITLE == DisplayPadIsDevicePlug
TYPE == MESSAGE
TIME :19.07.2026 00:26:47
==> MESSAGE : True
==> STACK TRACE : 
***************************************************************************************************************

***************************************************************************************************************
TITLE == DisplayPadAPEnable
TYPE == MESSAGE
TIME :19.07.2026 00:26:47
==> MESSAGE : True
==> STACK TRACE : 
***************************************************************************************************************

***************************************************************************************************************
TITLE == DisplayPadIsDevicePlug
TYPE == MESSAGE
TIME :19.07.2026 00:26:47
==> MESSAGE : True
==> STACK TRACE : 
***************************************************************************************************************

***************************************************************************************************************
TITLE == DisplayPadIsDevicePlug
TYPE == MESSAGE
TIME :19.07.2026 00:26:47
==> MESSAGE : True
==> STACK TRACE : 
***************************************************************************************************************

***************************************************************************************************************
TITLE == DisplayPadAPEnable
TYPE == MESSAGE
TIME :19.07.2026 00:26:47
==> MESSAGE : True
==> STACK TRACE : 
***************************************************************************************************************

***************************************************************************************************************
TITLE == DisplayPadAPEnable
TYPE == MESSAGE
TIME :19.07.2026 00:26:47
==> MESSAGE : True
==> STACK TRACE : 
***************************************************************************************************************

***************************************************************************************************************
TYPE == MESSAGE
TIME :19.07.2026 00:34:01
==> MESSAGE : Display pad Message Pump Thread Started: True
==> STACK TRACE : 
***************************************************************************************************************

***************************************************************************************************************
TITLE == DisplayPadIsDevicePlug
TYPE == MESSAGE
TIME :19.07.2026 00:34:01
==> MESSAGE : True
==> STACK TRACE : 
***************************************************************************************************************

***************************************************************************************************************
TITLE == DisplayPadIsDevicePlug
TYPE == MESSAGE
TIME :19.07.2026 00:34:01
==> MESSAGE : True
==> STACK TRACE : 
***************************************************************************************************************

***************************************************************************************************************
TITLE == DisplayPadAPEnable
TYPE == MESSAGE
TIME :19.07.2026 00:34:01
==> MESSAGE : True
==> STACK TRACE : 
***************************************************************************************************************

***************************************************************************************************************
TITLE == DisplayPadIsDevicePlug
TYPE == MESSAGE
TIME :19.07.2026 00:34:01
==> MESSAGE : True
==> STACK TRACE : 
***************************************************************************************************************

***************************************************************************************************************
TITLE == DisplayPadIsDevicePlug
TYPE == MESSAGE
TIME :19.07.2026 00:34:01
==> MESSAGE : True
==> STACK TRACE : 
***************************************************************************************************************

***************************************************************************************************************
TITLE == DisplayPadAPEnable
TYPE == MESSAGE
TIME :19.07.2026 00:34:01
==> MESSAGE : True
==> STACK TRACE : 
***************************************************************************************************************

***************************************************************************************************************
TITLE == DisplayPadAPEnable
TYPE == MESSAGE
TIME :19.07.2026 00:34:01
==> MESSAGE : True
==> STACK TRACE : 
***************************************************************************************************************

***************************************************************************************************************
TYPE == MESSAGE
TIME :19.07.2026 00:52:34
==> MESSAGE : Display pad Message Pump Thread Started: True
==> STACK TRACE : 
***************************************************************************************************************

***************************************************************************************************************
TITLE == DisplayPadIsDevicePlug
TYPE == MESSAGE
TIME :19.07.2026 00:52:34
==> MESSAGE : True
==> STACK TRACE : 
***************************************************************************************************************

***************************************************************************************************************
TITLE == DisplayPadIsDevicePlug
TYPE == MESSAGE
TIME :19.07.2026 00:52:34
==> MESSAGE : True
==> STACK TRACE : 
***************************************************************************************************************

***************************************************************************************************************
TITLE == DisplayPadAPEnable
TYPE == MESSAGE
TIME :19.07.2026 00:52:34
==> MESSAGE : True
==> STACK TRACE : 
***************************************************************************************************************

***************************************************************************************************************
TITLE == DisplayPadIsDevicePlug
TYPE == MESSAGE
TIME :19.07.2026 00:52:34
==> MESSAGE : True
==> STACK TRACE : 
***************************************************************************************************************

***************************************************************************************************************
TITLE == DisplayPadIsDevicePlug
TYPE == MESSAGE
TIME :19.07.2026 00:52:34
==> MESSAGE : True
==> STACK TRACE : 
***************************************************************************************************************

***************************************************************************************************************
TITLE == DisplayPadAPEnable
TYPE == MESSAGE
TIME :19.07.2026 00:52:34
==> MESSAGE : True
==> STACK TRACE : 
***************************************************************************************************************

***************************************************************************************************************
TITLE == DisplayPadAPEnable
TYPE == MESSAGE
TIME :19.07.2026 00:52:34
==> MESSAGE : True
==> STACK TRACE : 
***************************************************************************************************************

***************************************************************************************************************
TYPE == MESSAGE
TIME :19.07.2026 00:53:28
==> MESSAGE : Display pad Message Pump Thread Started: True
==> STACK TRACE : 
***************************************************************************************************************

***************************************************************************************************************
TITLE == DisplayPadIsDevicePlug
TYPE == MESSAGE
TIME :19.07.2026 00:53:28
==> MESSAGE : True
==> STACK TRACE : 
***************************************************************************************************************

***************************************************************************************************************
TITLE == DisplayPadIsDevicePlug
TYPE == MESSAGE
TIME :19.07.2026 00:53:28
==> MESSAGE : True
==> STACK TRACE : 
***************************************************************************************************************

***************************************************************************************************************
TITLE == DisplayPadAPEnable
TYPE == MESSAGE
TIME :19.07.2026 00:53:28
==> MESSAGE : True
==> STACK TRACE : 
***************************************************************************************************************

***************************************************************************************************************
TITLE == DisplayPadIsDevicePlug
TYPE == MESSAGE
TIME :19.07.2026 00:53:28
==> MESSAGE : True
==> STACK TRACE : 
***************************************************************************************************************

***************************************************************************************************************
TITLE == DisplayPadIsDevicePlug
TYPE == MESSAGE
TIME :19.07.2026 00:53:28
==> MESSAGE : True
==> STACK TRACE : 
***************************************************************************************************************

***************************************************************************************************************
TITLE == DisplayPadAPEnable
TYPE == MESSAGE
TIME :19.07.2026 00:53:28
==> MESSAGE : True
==> STACK TRACE : 
***************************************************************************************************************

***************************************************************************************************************
TITLE == DisplayPadAPEnable
TYPE == MESSAGE
TIME :19.07.2026 00:53:28
==> MESSAGE : True
==> STACK TRACE : 
***************************************************************************************************************

***************************************************************************************************************
TYPE == MESSAGE
TIME :19.07.2026 01:14:05
==> MESSAGE : Display pad Message Pump Thread Started: True
==> STACK TRACE : 
***************************************************************************************************************

***************************************************************************************************************
TITLE == DisplayPadIsDevicePlug
TYPE == MESSAGE
TIME :19.07.2026 01:14:05
==> MESSAGE : True
==> STACK TRACE : 
***************************************************************************************************************

***************************************************************************************************************
TITLE == DisplayPadIsDevicePlug
TYPE == MESSAGE
TIME :19.07.2026 01:14:05
==> MESSAGE : True
==> STACK TRACE : 
***************************************************************************************************************

***************************************************************************************************************
TITLE == DisplayPadAPEnable
TYPE == MESSAGE
TIME :19.07.2026 01:14:05
==> MESSAGE : True
==> STACK TRACE : 
***************************************************************************************************************

***************************************************************************************************************
TITLE == DisplayPadIsDevicePlug
TYPE == MESSAGE
TIME :19.07.2026 01:14:05
==> MESSAGE : True
==> STACK TRACE : 
***************************************************************************************************************

***************************************************************************************************************
TITLE == DisplayPadIsDevicePlug
TYPE == MESSAGE
TIME :19.07.2026 01:14:05
==> MESSAGE : True
==> STACK TRACE : 
***************************************************************************************************************

***************************************************************************************************************
TITLE == DisplayPadAPEnable
TYPE == MESSAGE
TIME :19.07.2026 01:14:05
==> MESSAGE : True
==> STACK TRACE : 
***************************************************************************************************************

***************************************************************************************************************
TITLE == DisplayPadAPEnable
TYPE == MESSAGE
TIME :19.07.2026 01:14:05
==> MESSAGE : True
==> STACK TRACE : 
***************************************************************************************************************

***************************************************************************************************************
TYPE == MESSAGE
TIME :19.07.2026 01:14:35
==> MESSAGE : Display pad Message Pump Thread Started: True
==> STACK TRACE : 
***************************************************************************************************************

***************************************************************************************************************
TITLE == DisplayPadIsDevicePlug
TYPE == MESSAGE
TIME :19.07.2026 01:14:35
==> MESSAGE : True
==> STACK TRACE : 
***************************************************************************************************************

***************************************************************************************************************
TITLE == DisplayPadIsDevicePlug
TYPE == MESSAGE
TIME :19.07.2026 01:14:35
==> MESSAGE : True
==> STACK TRACE : 
***************************************************************************************************************

***************************************************************************************************************
TITLE == DisplayPadAPEnable
TYPE == MESSAGE
TIME :19.07.2026 01:14:35
==> MESSAGE : True
==> STACK TRACE : 
***************************************************************************************************************

***************************************************************************************************************
TITLE == DisplayPadIsDevicePlug
TYPE == MESSAGE
TIME :19.07.2026 01:14:36
==> MESSAGE : True
==> STACK TRACE : 
***************************************************************************************************************

***************************************************************************************************************
TITLE == DisplayPadIsDevicePlug
TYPE == MESSAGE
TIME :19.07.2026 01:14:36
==> MESSAGE : True
==> STACK TRACE : 
***************************************************************************************************************

***************************************************************************************************************
TITLE == DisplayPadAPEnable
TYPE == MESSAGE
TIME :19.07.2026 01:14:36
==> MESSAGE : True
==> STACK TRACE : 
***************************************************************************************************************

***************************************************************************************************************
TITLE == DisplayPadAPEnable
TYPE == MESSAGE
TIME :19.07.2026 01:14:36
==> MESSAGE : True
==> STACK TRACE : 
***************************************************************************************************************

***************************************************************************************************************
TYPE == MESSAGE
TIME :19.07.2026 01:23:30
==> MESSAGE : Display pad Message Pump Thread Started: True
==> STACK TRACE : 
***************************************************************************************************************

***************************************************************************************************************
TITLE == DisplayPadIsDevicePlug
TYPE == MESSAGE
TIME :19.07.2026 01:23:30
==> MESSAGE : True
==> STACK TRACE : 
***************************************************************************************************************

***************************************************************************************************************
TITLE == DisplayPadIsDevicePlug
TYPE == MESSAGE
TIME :19.07.2026 01:23:30
==> MESSAGE : True
==> STACK TRACE : 
***************************************************************************************************************

***************************************************************************************************************
TITLE == DisplayPadAPEnable
TYPE == MESSAGE
TIME :19.07.2026 01:23:30
==> MESSAGE : True
==> STACK TRACE : 
***************************************************************************************************************

***************************************************************************************************************
TITLE == DisplayPadIsDevicePlug
TYPE == MESSAGE
TIME :19.07.2026 01:23:30
==> MESSAGE : True
==> STACK TRACE : 
***************************************************************************************************************

***************************************************************************************************************
TITLE == DisplayPadIsDevicePlug
TYPE == MESSAGE
TIME :19.07.2026 01:23:30
==> MESSAGE : True
==> STACK TRACE : 
***************************************************************************************************************

***************************************************************************************************************
TITLE == DisplayPadAPEnable
TYPE == MESSAGE
TIME :19.07.2026 01:23:30
==> MESSAGE : True
==> STACK TRACE : 
***************************************************************************************************************

***************************************************************************************************************
TITLE == DisplayPadAPEnable
TYPE == MESSAGE
TIME :19.07.2026 01:23:30
==> MESSAGE : True
==> STACK TRACE : 
***************************************************************************************************************

***************************************************************************************************************
TYPE == MESSAGE
TIME :19.07.2026 01:26:50
==> MESSAGE : Display pad Message Pump Thread Started: True
==> STACK TRACE : 
***************************************************************************************************************

***************************************************************************************************************
TITLE == DisplayPadIsDevicePlug
TYPE == MESSAGE
TIME :19.07.2026 01:26:50
==> MESSAGE : True
==> STACK TRACE : 
***************************************************************************************************************

***************************************************************************************************************
TITLE == DisplayPadIsDevicePlug
TYPE == MESSAGE
TIME :19.07.2026 01:26:50
==> MESSAGE : True
==> STACK TRACE : 
***************************************************************************************************************

***************************************************************************************************************
TITLE == DisplayPadAPEnable
TYPE == MESSAGE
TIME :19.07.2026 01:26:50
==> MESSAGE : True
==> STACK TRACE : 
***************************************************************************************************************

***************************************************************************************************************
TITLE == DisplayPadIsDevicePlug
TYPE == MESSAGE
TIME :19.07.2026 01:26:50
==> MESSAGE : True
==> STACK TRACE : 
***************************************************************************************************************

***************************************************************************************************************
TITLE == DisplayPadIsDevicePlug
TYPE == MESSAGE
TIME :19.07.2026 01:26:50
==> MESSAGE : True
==> STACK TRACE : 
***************************************************************************************************************

***************************************************************************************************************
TITLE == DisplayPadAPEnable
TYPE == MESSAGE
TIME :19.07.2026 01:26:50
==> MESSAGE : True
==> STACK TRACE : 
***************************************************************************************************************

***************************************************************************************************************
TITLE == DisplayPadAPEnable
TYPE == MESSAGE
TIME :19.07.2026 01:26:50
==> MESSAGE : True
==> STACK TRACE : 
***************************************************************************************************************

***************************************************************************************************************
TYPE == MESSAGE
TIME :19.07.2026 13:55:27
==> MESSAGE : Display pad Message Pump Thread Started: True
==> STACK TRACE : 
***************************************************************************************************************

***************************************************************************************************************
TITLE == DisplayPadIsDevicePlug
TYPE == MESSAGE
TIME :19.07.2026 13:55:27
==> MESSAGE : True
==> STACK TRACE : 
***************************************************************************************************************

***************************************************************************************************************
TITLE == DisplayPadIsDevicePlug
TYPE == MESSAGE
TIME :19.07.2026 13:55:27
==> MESSAGE : True
==> STACK TRACE : 
***************************************************************************************************************

***************************************************************************************************************
TITLE == DisplayPadAPEnable
TYPE == MESSAGE
TIME :19.07.2026 13:55:27
==> MESSAGE : True
==> STACK TRACE : 
***************************************************************************************************************

***************************************************************************************************************
TITLE == DisplayPadIsDevicePlug
TYPE == MESSAGE
TIME :19.07.2026 13:55:28
==> MESSAGE : True
==> STACK TRACE : 
***************************************************************************************************************

***************************************************************************************************************
TITLE == DisplayPadIsDevicePlug
TYPE == MESSAGE
TIME :19.07.2026 13:55:28
==> MESSAGE : True
==> STACK TRACE : 
***************************************************************************************************************

***************************************************************************************************************
TITLE == DisplayPadAPEnable
TYPE == MESSAGE
TIME :19.07.2026 13:55:28
==> MESSAGE : True
==> STACK TRACE : 
***************************************************************************************************************

***************************************************************************************************************
TITLE == DisplayPadAPEnable
TYPE == MESSAGE
TIME :19.07.2026 13:55:28
==> MESSAGE : True
==> STACK TRACE : 
***************************************************************************************************************

***************************************************************************************************************
TYPE == MESSAGE
TIME :19.07.2026 14:00:38
==> MESSAGE : Display pad Message Pump Thread Started: True
==> STACK TRACE : 
***************************************************************************************************************

***************************************************************************************************************
TITLE == DisplayPadIsDevicePlug
TYPE == MESSAGE
TIME :19.07.2026 14:00:38
==> MESSAGE : True
==> STACK TRACE : 
***************************************************************************************************************

***************************************************************************************************************
TITLE == DisplayPadIsDevicePlug
TYPE == MESSAGE
TIME :19.07.2026 14:00:38
==> MESSAGE : True
==> STACK TRACE : 
***************************************************************************************************************

***************************************************************************************************************
TITLE == DisplayPadAPEnable
TYPE == MESSAGE
TIME :19.07.2026 14:00:38
==> MESSAGE : True
==> STACK TRACE : 
***************************************************************************************************************

***************************************************************************************************************
TITLE == DisplayPadIsDevicePlug
TYPE == MESSAGE
TIME :19.07.2026 14:00:38
==> MESSAGE : True
==> STACK TRACE : 
***************************************************************************************************************

***************************************************************************************************************
TITLE == DisplayPadIsDevicePlug
TYPE == MESSAGE
TIME :19.07.2026 14:00:38
==> MESSAGE : True
==> STACK TRACE : 
***************************************************************************************************************

***************************************************************************************************************
TITLE == DisplayPadAPEnable
TYPE == MESSAGE
TIME :19.07.2026 14:00:38
==> MESSAGE : True
==> STACK TRACE : 
***************************************************************************************************************

***************************************************************************************************************
TITLE == DisplayPadAPEnable
TYPE == MESSAGE
TIME :19.07.2026 14:00:38
==> MESSAGE : True
==> STACK TRACE : 
***************************************************************************************************************

***************************************************************************************************************
TYPE == MESSAGE
TIME :19.07.2026 14:40:03
==> MESSAGE : Display pad Message Pump Thread Started: True
==> STACK TRACE : 
***************************************************************************************************************

***************************************************************************************************************
TITLE == DisplayPadIsDevicePlug
TYPE == MESSAGE
TIME :19.07.2026 14:40:03
==> MESSAGE : True
==> STACK TRACE : 
***************************************************************************************************************

***************************************************************************************************************
TITLE == DisplayPadIsDevicePlug
TYPE == MESSAGE
TIME :19.07.2026 14:40:03
==> MESSAGE : True
==> STACK TRACE : 
***************************************************************************************************************

***************************************************************************************************************
TITLE == DisplayPadAPEnable
TYPE == MESSAGE
TIME :19.07.2026 14:40:03
==> MESSAGE : True
==> STACK TRACE : 
***************************************************************************************************************

***************************************************************************************************************
TITLE == DisplayPadIsDevicePlug
TYPE == MESSAGE
TIME :19.07.2026 14:40:03
==> MESSAGE : True
==> STACK TRACE : 
***************************************************************************************************************

***************************************************************************************************************
TITLE == DisplayPadIsDevicePlug
TYPE == MESSAGE
TIME :19.07.2026 14:40:03
==> MESSAGE : True
==> STACK TRACE : 
***************************************************************************************************************

***************************************************************************************************************
TITLE == DisplayPadAPEnable
TYPE == MESSAGE
TIME :19.07.2026 14:40:03
==> MESSAGE : True
==> STACK TRACE : 
***************************************************************************************************************

***************************************************************************************************************
TITLE == DisplayPadAPEnable
TYPE == MESSAGE
TIME :19.07.2026 14:40:03
==> MESSAGE : True
==> STACK TRACE : 
***************************************************************************************************************

***************************************************************************************************************
TITLE == DisplayPadIsDevicePlug
TYPE == MESSAGE
TIME :19.07.2026 14:43:07
==> MESSAGE : True
==> STACK TRACE : 
***************************************************************************************************************

***************************************************************************************************************
TITLE == DisplayPadIsDevicePlug
TYPE == MESSAGE
TIME :19.07.2026 14:43:07
==> MESSAGE : True
==> STACK TRACE : 
***************************************************************************************************************

***************************************************************************************************************
TITLE == DisplayPadIsDevicePlug
TYPE == MESSAGE
TIME :19.07.2026 14:43:07
==> MESSAGE : True
==> STACK TRACE : 
***************************************************************************************************************

***************************************************************************************************************
TITLE == DisplayPadIsDevicePlug
TYPE == MESSAGE
TIME :19.07.2026 14:43:07
==> MESSAGE : True
==> STACK TRACE : 
***************************************************************************************************************

***************************************************************************************************************
TITLE == DisplayPadIsDevicePlug
TYPE == MESSAGE
TIME :19.07.2026 14:43:07
==> MESSAGE : True
==> STACK TRACE : 
***************************************************************************************************************

***************************************************************************************************************
TITLE == DisplayPadIsDevicePlug
TYPE == MESSAGE
TIME :19.07.2026 14:43:07
==> MESSAGE : True
==> STACK TRACE : 
***************************************************************************************************************

***************************************************************************************************************
TITLE == DisplayPadIsDevicePlug
TYPE == MESSAGE
TIME :19.07.2026 14:43:07
==> MESSAGE : True
==> STACK TRACE : 
***************************************************************************************************************

***************************************************************************************************************
TITLE == DisplayPadIsDevicePlug
TYPE == MESSAGE
TIME :19.07.2026 14:43:07
==> MESSAGE : True
==> STACK TRACE : 
***************************************************************************************************************

***************************************************************************************************************
TITLE == DisplayPadIsDevicePlug
TYPE == MESSAGE
TIME :19.07.2026 14:43:07
==> MESSAGE : True
==> STACK TRACE : 
***************************************************************************************************************

***************************************************************************************************************
TITLE == DisplayPadIsDevicePlug
TYPE == MESSAGE
TIME :19.07.2026 14:43:07
==> MESSAGE : True
==> STACK TRACE : 
***************************************************************************************************************

***************************************************************************************************************
TITLE == DisplayPadIsDevicePlug
TYPE == MESSAGE
TIME :19.07.2026 14:43:07
==> MESSAGE : True
==> STACK TRACE : 
***************************************************************************************************************

***************************************************************************************************************
TITLE == DisplayPadIsDevicePlug
TYPE == MESSAGE
TIME :19.07.2026 14:43:07
==> MESSAGE : True
==> STACK TRACE : 
***************************************************************************************************************

***************************************************************************************************************
TITLE == DisplayPadIsDevicePlug
TYPE == MESSAGE
TIME :19.07.2026 14:43:07
==> MESSAGE : True
==> STACK TRACE : 
***************************************************************************************************************

***************************************************************************************************************
TITLE == DisplayPadIsDevicePlug
TYPE == MESSAGE
TIME :19.07.2026 14:43:10
==> MESSAGE : True
==> STACK TRACE : 
***************************************************************************************************************

***************************************************************************************************************
TITLE == DisplayPadIsDevicePlug
TYPE == MESSAGE
TIME :19.07.2026 14:43:10
==> MESSAGE : True
==> STACK TRACE : 
***************************************************************************************************************

***************************************************************************************************************
TITLE == DisplayPadIsDevicePlug
TYPE == MESSAGE
TIME :19.07.2026 14:43:10
==> MESSAGE : True
==> STACK TRACE : 
***************************************************************************************************************

***************************************************************************************************************
TITLE == DisplayPadIsDevicePlug
TYPE == MESSAGE
TIME :19.07.2026 14:43:10
==> MESSAGE : True
==> STACK TRACE : 
***************************************************************************************************************

***************************************************************************************************************
TITLE == DisplayPadIsDevicePlug
TYPE == MESSAGE
TIME :19.07.2026 14:43:10
==> MESSAGE : True
==> STACK TRACE : 
***************************************************************************************************************

***************************************************************************************************************
TITLE == DisplayPadIsDevicePlug
TYPE == MESSAGE
TIME :19.07.2026 14:43:10
==> MESSAGE : True
==> STACK TRACE : 
***************************************************************************************************************

***************************************************************************************************************
TITLE == DisplayPadIsDevicePlug
TYPE == MESSAGE
TIME :19.07.2026 14:43:10
==> MESSAGE : True
==> STACK TRACE : 
***************************************************************************************************************

***************************************************************************************************************
TITLE == DisplayPadIsDevicePlug
TYPE == MESSAGE
TIME :19.07.2026 14:43:10
==> MESSAGE : True
==> STACK TRACE : 
***************************************************************************************************************

***************************************************************************************************************
TITLE == DisplayPadIsDevicePlug
TYPE == MESSAGE
TIME :19.07.2026 14:43:10
==> MESSAGE : True
==> STACK TRACE : 
***************************************************************************************************************

***************************************************************************************************************
TITLE == DisplayPadIsDevicePlug
TYPE == MESSAGE
TIME :19.07.2026 14:43:10
==> MESSAGE : True
==> STACK TRACE : 
***************************************************************************************************************

***************************************************************************************************************
TITLE == DisplayPadIsDevicePlug
TYPE == MESSAGE
TIME :19.07.2026 14:43:10
==> MESSAGE : True
==> STACK TRACE : 
***************************************************************************************************************

***************************************************************************************************************
TITLE == DisplayPadIsDevicePlug
TYPE == MESSAGE
TIME :19.07.2026 14:43:10
==> MESSAGE : True
==> STACK TRACE : 
***************************************************************************************************************

***************************************************************************************************************
TITLE == DisplayPadIsDevicePlug
TYPE == MESSAGE
TIME :19.07.2026 14:43:10
==> MESSAGE : True
==> STACK TRACE : 
***************************************************************************************************************

***************************************************************************************************************
TITLE == DisplayPadIsDevicePlug
TYPE == MESSAGE
TIME :19.07.2026 14:43:10
==> MESSAGE : True
==> STACK TRACE : 
***************************************************************************************************************

***************************************************************************************************************
TITLE == DisplayPadIsDevicePlug
TYPE == MESSAGE
TIME :19.07.2026 14:43:10
==> MESSAGE : True
==> STACK TRACE : 
***************************************************************************************************************

***************************************************************************************************************
TITLE == DisplayPadIsDevicePlug
TYPE == MESSAGE
TIME :19.07.2026 14:43:11
==> MESSAGE : True
==> STACK TRACE : 
***************************************************************************************************************

***************************************************************************************************************
TITLE == DisplayPadIsDevicePlug
TYPE == MESSAGE
TIME :19.07.2026 14:43:11
==> MESSAGE : True
==> STACK TRACE : 
***************************************************************************************************************

***************************************************************************************************************
TITLE == DisplayPadIsDevicePlug
TYPE == MESSAGE
TIME :19.07.2026 14:43:11
==> MESSAGE : True
==> STACK TRACE : 
***************************************************************************************************************

***************************************************************************************************************
TITLE == DisplayPadIsDevicePlug
TYPE == MESSAGE
TIME :19.07.2026 14:43:11
==> MESSAGE : True
==> STACK TRACE : 
***************************************************************************************************************

***************************************************************************************************************
TITLE == DisplayPadIsDevicePlug
TYPE == MESSAGE
TIME :19.07.2026 14:43:11
==> MESSAGE : True
==> STACK TRACE : 
***************************************************************************************************************

***************************************************************************************************************
TITLE == DisplayPadIsDevicePlug
TYPE == MESSAGE
TIME :19.07.2026 14:43:11
==> MESSAGE : True
==> STACK TRACE : 
***************************************************************************************************************

***************************************************************************************************************
TITLE == DisplayPadIsDevicePlug
TYPE == MESSAGE
TIME :19.07.2026 14:43:11
==> MESSAGE : True
==> STACK TRACE : 
***************************************************************************************************************

***************************************************************************************************************
TITLE == DisplayPadIsDevicePlug
TYPE == MESSAGE
TIME :19.07.2026 14:43:11
==> MESSAGE : True
==> STACK TRACE : 
***************************************************************************************************************

***************************************************************************************************************
TITLE == DisplayPadIsDevicePlug
TYPE == MESSAGE
TIME :19.07.2026 14:43:11
==> MESSAGE : True
==> STACK TRACE : 
***************************************************************************************************************

***************************************************************************************************************
TITLE == DisplayPadIsDevicePlug
TYPE == MESSAGE
TIME :19.07.2026 14:43:11
==> MESSAGE : True
==> STACK TRACE : 
***************************************************************************************************************

***************************************************************************************************************
TITLE == DisplayPadIsDevicePlug
TYPE == MESSAGE
TIME :19.07.2026 14:43:11
==> MESSAGE : True
==> STACK TRACE : 
***************************************************************************************************************

***************************************************************************************************************
TITLE == DisplayPadIsDevicePlug
TYPE == MESSAGE
TIME :19.07.2026 14:43:11
==> MESSAGE : True
==> STACK TRACE : 
***************************************************************************************************************

***************************************************************************************************************
TITLE == DisplayPadIsDevicePlug
TYPE == MESSAGE
TIME :19.07.2026 14:43:11
==> MESSAGE : True
==> STACK TRACE : 
***************************************************************************************************************

***************************************************************************************************************
TITLE == DisplayPadIsDevicePlug
TYPE == MESSAGE
TIME :19.07.2026 14:43:11
==> MESSAGE : True
==> STACK TRACE : 
***************************************************************************************************************

***************************************************************************************************************
TITLE == DisplayPadIsDevicePlug
TYPE == MESSAGE
TIME :19.07.2026 14:43:11
==> MESSAGE : True
==> STACK TRACE : 
***************************************************************************************************************

***************************************************************************************************************
TITLE == DisplayPadIsDevicePlug
TYPE == MESSAGE
TIME :19.07.2026 14:43:11
==> MESSAGE : True
==> STACK TRACE : 
***************************************************************************************************************

***************************************************************************************************************
TITLE == DisplayPadIsDevicePlug
TYPE == MESSAGE
TIME :19.07.2026 14:43:11
==> MESSAGE : True
==> STACK TRACE : 
***************************************************************************************************************

***************************************************************************************************************
TITLE == DisplayPadIsDevicePlug
TYPE == MESSAGE
TIME :19.07.2026 14:43:11
==> MESSAGE : True
==> STACK TRACE : 
***************************************************************************************************************

***************************************************************************************************************
TITLE == DisplayPadIsDevicePlug
TYPE == MESSAGE
TIME :19.07.2026 14:43:11
==> MESSAGE : True
==> STACK TRACE : 
***************************************************************************************************************

***************************************************************************************************************
TITLE == DisplayPadIsDevicePlug
TYPE == MESSAGE
TIME :19.07.2026 14:43:12
==> MESSAGE : True
==> STACK TRACE : 
***************************************************************************************************************

***************************************************************************************************************
TITLE == DisplayPadIsDevicePlug
TYPE == MESSAGE
TIME :19.07.2026 14:43:12
==> MESSAGE : True
==> STACK TRACE : 
***************************************************************************************************************

***************************************************************************************************************
TITLE == DisplayPadIsDevicePlug
TYPE == MESSAGE
TIME :19.07.2026 14:43:12
==> MESSAGE : True
==> STACK TRACE : 
***************************************************************************************************************

***************************************************************************************************************
TITLE == DisplayPadIsDevicePlug
TYPE == MESSAGE
TIME :19.07.2026 14:43:12
==> MESSAGE : True
==> STACK TRACE : 
***************************************************************************************************************

***************************************************************************************************************
TITLE == DisplayPadIsDevicePlug
TYPE == MESSAGE
TIME :19.07.2026 14:43:12
==> MESSAGE : True
==> STACK TRACE : 
***************************************************************************************************************

***************************************************************************************************************
TITLE == DisplayPadIsDevicePlug
TYPE == MESSAGE
TIME :19.07.2026 14:43:13
==> MESSAGE : True
==> STACK TRACE : 
***************************************************************************************************************

***************************************************************************************************************
TITLE == DisplayPadIsDevicePlug
TYPE == MESSAGE
TIME :19.07.2026 14:43:13
==> MESSAGE : True
==> STACK TRACE : 
***************************************************************************************************************

***************************************************************************************************************
TITLE == DisplayPadIsDevicePlug
TYPE == MESSAGE
TIME :19.07.2026 14:43:13
==> MESSAGE : True
==> STACK TRACE : 
***************************************************************************************************************

***************************************************************************************************************
TITLE == DisplayPadIsDevicePlug
TYPE == MESSAGE
TIME :19.07.2026 14:43:13
==> MESSAGE : True
==> STACK TRACE : 
***************************************************************************************************************

***************************************************************************************************************
TITLE == DisplayPadIsDevicePlug
TYPE == MESSAGE
TIME :19.07.2026 14:43:13
==> MESSAGE : True
==> STACK TRACE : 
***************************************************************************************************************

***************************************************************************************************************
TITLE == DisplayPadIsDevicePlug
TYPE == MESSAGE
TIME :19.07.2026 14:43:13
==> MESSAGE : True
==> STACK TRACE : 
***************************************************************************************************************

***************************************************************************************************************
TITLE == DisplayPadIsDevicePlug
TYPE == MESSAGE
TIME :19.07.2026 14:43:13
==> MESSAGE : True
==> STACK TRACE : 
***************************************************************************************************************

***************************************************************************************************************
TITLE == DisplayPadIsDevicePlug
TYPE == MESSAGE
TIME :19.07.2026 14:43:13
==> MESSAGE : True
==> STACK TRACE : 
***************************************************************************************************************

***************************************************************************************************************
TITLE == DisplayPadIsDevicePlug
TYPE == MESSAGE
TIME :19.07.2026 14:43:13
==> MESSAGE : True
==> STACK TRACE : 
***************************************************************************************************************

***************************************************************************************************************
TITLE == DisplayPadIsDevicePlug
TYPE == MESSAGE
TIME :19.07.2026 14:43:13
==> MESSAGE : True
==> STACK TRACE : 
***************************************************************************************************************

***************************************************************************************************************
TITLE == DisplayPadIsDevicePlug
TYPE == MESSAGE
TIME :19.07.2026 14:43:13
==> MESSAGE : True
==> STACK TRACE : 
***************************************************************************************************************

***************************************************************************************************************
TITLE == DisplayPadIsDevicePlug
TYPE == MESSAGE
TIME :19.07.2026 14:43:13
==> MESSAGE : True
==> STACK TRACE : 
***************************************************************************************************************

***************************************************************************************************************
TITLE == DisplayPadIsDevicePlug
TYPE == MESSAGE
TIME :19.07.2026 14:43:13
==> MESSAGE : True
==> STACK TRACE : 
***************************************************************************************************************

***************************************************************************************************************
TITLE == DisplayPadIsDevicePlug
TYPE == MESSAGE
TIME :19.07.2026 14:43:14
==> MESSAGE : True
==> STACK TRACE : 
***************************************************************************************************************

***************************************************************************************************************
TITLE == DisplayPadIsDevicePlug
TYPE == MESSAGE
TIME :19.07.2026 14:43:14
==> MESSAGE : True
==> STACK TRACE : 
***************************************************************************************************************

***************************************************************************************************************
TITLE == DisplayPadIsDevicePlug
TYPE == MESSAGE
TIME :19.07.2026 14:43:14
==> MESSAGE : True
==> STACK TRACE : 
***************************************************************************************************************

***************************************************************************************************************
TITLE == DisplayPadIsDevicePlug
TYPE == MESSAGE
TIME :19.07.2026 14:43:14
==> MESSAGE : True
==> STACK TRACE : 
***************************************************************************************************************

***************************************************************************************************************
TITLE == DisplayPadIsDevicePlug
TYPE == MESSAGE
TIME :19.07.2026 14:43:14
==> MESSAGE : True
==> STACK TRACE : 
***************************************************************************************************************

***************************************************************************************************************
TITLE == DisplayPadIsDevicePlug
TYPE == MESSAGE
TIME :19.07.2026 14:43:14
==> MESSAGE : True
==> STACK TRACE : 
***************************************************************************************************************

***************************************************************************************************************
TITLE == DisplayPadIsDevicePlug
TYPE == MESSAGE
TIME :19.07.2026 14:43:14
==> MESSAGE : True
==> STACK TRACE : 
***************************************************************************************************************

***************************************************************************************************************
TITLE == DisplayPadIsDevicePlug
TYPE == MESSAGE
TIME :19.07.2026 14:43:14
==> MESSAGE : True
==> STACK TRACE : 
***************************************************************************************************************

***************************************************************************************************************
TITLE == DisplayPadIsDevicePlug
TYPE == MESSAGE
TIME :19.07.2026 14:43:14
==> MESSAGE : True
==> STACK TRACE : 
***************************************************************************************************************

***************************************************************************************************************
TITLE == DisplayPadIsDevicePlug
TYPE == MESSAGE
TIME :19.07.2026 14:43:14
==> MESSAGE : True
==> STACK TRACE : 
***************************************************************************************************************

***************************************************************************************************************
TITLE == DisplayPadIsDevicePlug
TYPE == MESSAGE
TIME :19.07.2026 14:43:14
==> MESSAGE : True
==> STACK TRACE : 
***************************************************************************************************************

***************************************************************************************************************
TITLE == DisplayPadIsDevicePlug
TYPE == MESSAGE
TIME :19.07.2026 14:43:14
==> MESSAGE : True
==> STACK TRACE : 
***************************************************************************************************************

***************************************************************************************************************
TITLE == DisplayPadIsDevicePlug
TYPE == MESSAGE
TIME :19.07.2026 14:43:14
==> MESSAGE : True
==> STACK TRACE : 
***************************************************************************************************************

***************************************************************************************************************
TYPE == MESSAGE
TIME :19.07.2026 15:10:31
==> MESSAGE : Display pad Message Pump Thread Started: True
==> STACK TRACE : 
***************************************************************************************************************

***************************************************************************************************************
TITLE == DisplayPadIsDevicePlug
TYPE == MESSAGE
TIME :19.07.2026 15:10:31
==> MESSAGE : True
==> STACK TRACE : 
***************************************************************************************************************

***************************************************************************************************************
TITLE == DisplayPadIsDevicePlug
TYPE == MESSAGE
TIME :19.07.2026 15:10:31
==> MESSAGE : True
==> STACK TRACE : 
***************************************************************************************************************

***************************************************************************************************************
TITLE == DisplayPadAPEnable
TYPE == MESSAGE
TIME :19.07.2026 15:10:31
==> MESSAGE : True
==> STACK TRACE : 
***************************************************************************************************************

***************************************************************************************************************
TITLE == DisplayPadIsDevicePlug
TYPE == MESSAGE
TIME :19.07.2026 15:10:32
==> MESSAGE : True
==> STACK TRACE : 
***************************************************************************************************************

***************************************************************************************************************
TITLE == DisplayPadIsDevicePlug
TYPE == MESSAGE
TIME :19.07.2026 15:10:32
==> MESSAGE : True
==> STACK TRACE : 
***************************************************************************************************************

***************************************************************************************************************
TITLE == DisplayPadAPEnable
TYPE == MESSAGE
TIME :19.07.2026 15:10:32
==> MESSAGE : True
==> STACK TRACE : 
***************************************************************************************************************

***************************************************************************************************************
TITLE == DisplayPadAPEnable
TYPE == MESSAGE
TIME :19.07.2026 15:10:32
==> MESSAGE : True
==> STACK TRACE : 
***************************************************************************************************************

***************************************************************************************************************
TYPE == MESSAGE
TIME :19.07.2026 15:11:13
==> MESSAGE : Display pad Message Pump Thread Started: True
==> STACK TRACE : 
***************************************************************************************************************

***************************************************************************************************************
TITLE == DisplayPadIsDevicePlug
TYPE == MESSAGE
TIME :19.07.2026 15:11:13
==> MESSAGE : True
==> STACK TRACE : 
***************************************************************************************************************

***************************************************************************************************************
TITLE == DisplayPadIsDevicePlug
TYPE == MESSAGE
TIME :19.07.2026 15:11:13
==> MESSAGE : True
==> STACK TRACE : 
***************************************************************************************************************

***************************************************************************************************************
TITLE == DisplayPadAPEnable
TYPE == MESSAGE
TIME :19.07.2026 15:11:13
==> MESSAGE : True
==> STACK TRACE : 
***************************************************************************************************************

***************************************************************************************************************
TITLE == DisplayPadIsDevicePlug
TYPE == MESSAGE
TIME :19.07.2026 15:11:14
==> MESSAGE : True
==> STACK TRACE : 
***************************************************************************************************************

***************************************************************************************************************
TITLE == DisplayPadIsDevicePlug
TYPE == MESSAGE
TIME :19.07.2026 15:11:14
==> MESSAGE : True
==> STACK TRACE : 
***************************************************************************************************************

***************************************************************************************************************
TITLE == DisplayPadAPEnable
TYPE == MESSAGE
TIME :19.07.2026 15:11:14
==> MESSAGE : True
==> STACK TRACE : 
***************************************************************************************************************

***************************************************************************************************************
TITLE == DisplayPadAPEnable
TYPE == MESSAGE
TIME :19.07.2026 15:11:14
==> MESSAGE : True
==> STACK TRACE : 
***************************************************************************************************************

***************************************************************************************************************
TYPE == MESSAGE
TIME :19.07.2026 15:14:02
==> MESSAGE : Display pad Message Pump Thread Started: True
==> STACK TRACE : 
***************************************************************************************************************

***************************************************************************************************************
TITLE == DisplayPadIsDevicePlug
TYPE == MESSAGE
TIME :19.07.2026 15:14:02
==> MESSAGE : True
==> STACK TRACE : 
***************************************************************************************************************

***************************************************************************************************************
TITLE == DisplayPadIsDevicePlug
TYPE == MESSAGE
TIME :19.07.2026 15:14:02
==> MESSAGE : True
==> STACK TRACE : 
***************************************************************************************************************

***************************************************************************************************************
TITLE == DisplayPadAPEnable
TYPE == MESSAGE
TIME :19.07.2026 15:14:02
==> MESSAGE : True
==> STACK TRACE : 
***************************************************************************************************************

***************************************************************************************************************
TITLE == DisplayPadIsDevicePlug
TYPE == MESSAGE
TIME :19.07.2026 15:14:03
==> MESSAGE : True
==> STACK TRACE : 
***************************************************************************************************************

***************************************************************************************************************
TITLE == DisplayPadIsDevicePlug
TYPE == MESSAGE
TIME :19.07.2026 15:14:03
==> MESSAGE : True
==> STACK TRACE : 
***************************************************************************************************************

***************************************************************************************************************
TITLE == DisplayPadAPEnable
TYPE == MESSAGE
TIME :19.07.2026 15:14:03
==> MESSAGE : True
==> STACK TRACE : 
***************************************************************************************************************

***************************************************************************************************************
TITLE == DisplayPadAPEnable
TYPE == MESSAGE
TIME :19.07.2026 15:14:03
==> MESSAGE : True
==> STACK TRACE : 
***************************************************************************************************************
